2025-03-21T10:52:41.613-03:00  INFO 1112 --- [restartedMain] br.com.zoi.apptdah.ApptdahApplication    : Starting ApptdahApplication using Java 21.0.6 with PID 1112 (C:\Users\James Ribeiro\Documents\dev\Appdah\app-tdah-back\target\classes started by James Ribeiro in C:\Users\James Ribeiro\Documents\dev\Appdah\app-tdah-back)
2025-03-21T10:52:41.616-03:00  INFO 1112 --- [restartedMain] br.com.zoi.apptdah.ApptdahApplication    : The following 1 profile is active: "local"
2025-03-21T10:52:42.038-03:00  INFO 1112 --- [restartedMain] .e.DevToolsPropertyDefaultsPostProcessor : Devtools property defaults active! Set 'spring.devtools.add-properties' to 'false' to disable
2025-03-21T10:52:42.038-03:00  INFO 1112 --- [restartedMain] .e.DevToolsPropertyDefaultsPostProcessor : For additional web related logging consider setting the 'logging.level.web' property to 'DEBUG'
2025-03-21T10:52:43.562-03:00  INFO 1112 --- [restartedMain] .s.d.r.c.RepositoryConfigurationDelegate : Bootstrapping Spring Data JPA repositories in DEFAULT mode.
2025-03-21T10:52:43.638-03:00  INFO 1112 --- [restartedMain] .s.d.r.c.RepositoryConfigurationDelegate : Finished Spring Data repository scanning in 64 ms. Found 2 JPA repository interfaces.
2025-03-21T10:52:44.634-03:00  INFO 1112 --- [restartedMain] o.s.b.w.embedded.tomcat.TomcatWebServer  : Tomcat initialized with port 8082 (http)
2025-03-21T10:52:44.659-03:00  INFO 1112 --- [restartedMain] o.apache.catalina.core.StandardService   : Starting service [Tomcat]
2025-03-21T10:52:44.660-03:00  INFO 1112 --- [restartedMain] o.apache.catalina.core.StandardEngine    : Starting Servlet engine: [Apache Tomcat/10.1.36]
2025-03-21T10:52:44.747-03:00  INFO 1112 --- [restartedMain] o.a.c.c.C.[Tomcat].[localhost].[/]       : Initializing Spring embedded WebApplicationContext
2025-03-21T10:52:44.748-03:00  INFO 1112 --- [restartedMain] w.s.c.ServletWebServerApplicationContext : Root WebApplicationContext: initialization completed in 2709 ms
2025-03-21T10:52:45.149-03:00  INFO 1112 --- [restartedMain] o.hibernate.jpa.internal.util.LogHelper  : HHH000204: Processing PersistenceUnitInfo [name: default]
2025-03-21T10:52:45.239-03:00  INFO 1112 --- [restartedMain] org.hibernate.Version                    : HHH000412: Hibernate ORM core version 6.5.3.Final
2025-03-21T10:52:45.304-03:00  INFO 1112 --- [restartedMain] o.h.c.internal.RegionFactoryInitiator    : HHH000026: Second-level cache disabled
2025-03-21T10:52:45.770-03:00  INFO 1112 --- [restartedMain] o.s.o.j.p.SpringPersistenceUnitInfo      : No LoadTimeWeaver setup: ignoring JPA class transformer
2025-03-21T10:52:45.813-03:00  INFO 1112 --- [restartedMain] com.zaxxer.hikari.HikariDataSource       : HikariPool-1 - Starting...
2025-03-21T10:52:46.798-03:00  INFO 1112 --- [restartedMain] com.zaxxer.hikari.pool.HikariPool        : HikariPool-1 - Added connection org.postgresql.jdbc.PgConnection@75c3e191
2025-03-21T10:52:46.802-03:00  INFO 1112 --- [restartedMain] com.zaxxer.hikari.HikariDataSource       : HikariPool-1 - Start completed.
2025-03-21T10:52:46.906-03:00  WARN 1112 --- [restartedMain] org.hibernate.orm.deprecation            : HHH90000025: PostgreSQLDialect does not need to be specified explicitly using 'hibernate.dialect' (remove the property setting and it will be selected by default)
2025-03-21T10:52:48.479-03:00  INFO 1112 --- [restartedMain] o.h.e.t.j.p.i.JtaPlatformInitiator       : HHH000489: No JTA platform available (set 'hibernate.transaction.jta.platform' to enable JTA platform integration)
2025-03-21T10:52:49.385-03:00  INFO 1112 --- [restartedMain] j.LocalContainerEntityManagerFactoryBean : Initialized JPA EntityManagerFactory for persistence unit 'default'
2025-03-21T10:52:49.914-03:00  WARN 1112 --- [restartedMain] JpaBaseConfiguration$JpaWebConfiguration : spring.jpa.open-in-view is enabled by default. Therefore, database queries may be performed during view rendering. Explicitly configure spring.jpa.open-in-view to disable this warning
2025-03-21T10:52:50.572-03:00  INFO 1112 --- [restartedMain] o.s.b.a.e.web.EndpointLinksResolver      : Exposing 1 endpoint beneath base path '/actuator'
2025-03-21T10:52:50.940-03:00  WARN 1112 --- [restartedMain] ion$DefaultTemplateResolverConfiguration : Cannot find template location: classpath:/templates/ (please add some templates, check your Thymeleaf configuration, or set spring.thymeleaf.check-template-location=false)
2025-03-21T10:52:51.325-03:00  INFO 1112 --- [restartedMain] o.s.b.d.a.OptionalLiveReloadServer       : LiveReload server is running on port 35729
2025-03-21T10:52:51.415-03:00  INFO 1112 --- [restartedMain] o.s.b.w.embedded.tomcat.TomcatWebServer  : Tomcat started on port 8082 (http) with context path '/'
2025-03-21T10:52:51.444-03:00  INFO 1112 --- [restartedMain] br.com.zoi.apptdah.ApptdahApplication    : Started ApptdahApplication in 10.313 seconds (process running for 11.215)
2025-03-21T10:52:52.277-03:00  INFO 1112 --- [RMI TCP Connection(4)-127.0.0.1] o.a.c.c.C.[Tomcat].[localhost].[/]       : Initializing Spring DispatcherServlet 'dispatcherServlet'
2025-03-21T10:52:52.278-03:00  INFO 1112 --- [RMI TCP Connection(4)-127.0.0.1] o.s.web.servlet.DispatcherServlet        : Initializing Servlet 'dispatcherServlet'
2025-03-21T10:52:52.281-03:00  INFO 1112 --- [RMI TCP Connection(4)-127.0.0.1] o.s.web.servlet.DispatcherServlet        : Completed initialization in 3 ms
2025-03-21T10:52:56.942-03:00  INFO 1112 --- [RMI TCP Connection(2)-127.0.0.1] inMXBeanRegistrar$SpringApplicationAdmin : Application shutdown requested.
2025-03-21T10:52:56.970-03:00  INFO 1112 --- [RMI TCP Connection(2)-127.0.0.1] j.LocalContainerEntityManagerFactoryBean : Closing JPA EntityManagerFactory for persistence unit 'default'
2025-03-21T10:52:56.973-03:00  INFO 1112 --- [RMI TCP Connection(2)-127.0.0.1] com.zaxxer.hikari.HikariDataSource       : HikariPool-1 - Shutdown initiated...
2025-03-21T10:52:57.500-03:00  INFO 1112 --- [RMI TCP Connection(2)-127.0.0.1] com.zaxxer.hikari.HikariDataSource       : HikariPool-1 - Shutdown completed.
2025-03-21T11:04:10.582-03:00  INFO 6952 --- [restartedMain] br.com.zoi.apptdah.ApptdahApplication    : Starting ApptdahApplication using Java 21.0.6 with PID 6952 (C:\Users\James Ribeiro\Documents\dev\Appdah\app-tdah-back\target\classes started by James Ribeiro in C:\Users\James Ribeiro\Documents\dev\Appdah\app-tdah-back)
2025-03-21T11:04:10.584-03:00  INFO 6952 --- [restartedMain] br.com.zoi.apptdah.ApptdahApplication    : The following 1 profile is active: "local"
2025-03-21T11:04:10.865-03:00  INFO 6952 --- [restartedMain] .e.DevToolsPropertyDefaultsPostProcessor : Devtools property defaults active! Set 'spring.devtools.add-properties' to 'false' to disable
2025-03-21T11:04:10.865-03:00  INFO 6952 --- [restartedMain] .e.DevToolsPropertyDefaultsPostProcessor : For additional web related logging consider setting the 'logging.level.web' property to 'DEBUG'
2025-03-21T11:04:12.018-03:00  INFO 6952 --- [restartedMain] .s.d.r.c.RepositoryConfigurationDelegate : Bootstrapping Spring Data JPA repositories in DEFAULT mode.
2025-03-21T11:04:12.089-03:00  INFO 6952 --- [restartedMain] .s.d.r.c.RepositoryConfigurationDelegate : Finished Spring Data repository scanning in 61 ms. Found 2 JPA repository interfaces.
2025-03-21T11:04:12.982-03:00  INFO 6952 --- [restartedMain] o.s.b.w.embedded.tomcat.TomcatWebServer  : Tomcat initialized with port 8085 (http)
2025-03-21T11:04:13.003-03:00  INFO 6952 --- [restartedMain] o.apache.catalina.core.StandardService   : Starting service [Tomcat]
2025-03-21T11:04:13.004-03:00  INFO 6952 --- [restartedMain] o.apache.catalina.core.StandardEngine    : Starting Servlet engine: [Apache Tomcat/10.1.36]
2025-03-21T11:04:13.077-03:00  INFO 6952 --- [restartedMain] o.a.c.c.C.[Tomcat].[localhost].[/]       : Initializing Spring embedded WebApplicationContext
2025-03-21T11:04:13.077-03:00  INFO 6952 --- [restartedMain] w.s.c.ServletWebServerApplicationContext : Root WebApplicationContext: initialization completed in 2211 ms
2025-03-21T11:04:13.455-03:00  INFO 6952 --- [restartedMain] o.hibernate.jpa.internal.util.LogHelper  : HHH000204: Processing PersistenceUnitInfo [name: default]
2025-03-21T11:04:13.532-03:00  INFO 6952 --- [restartedMain] org.hibernate.Version                    : HHH000412: Hibernate ORM core version 6.5.3.Final
2025-03-21T11:04:13.585-03:00  INFO 6952 --- [restartedMain] o.h.c.internal.RegionFactoryInitiator    : HHH000026: Second-level cache disabled
2025-03-21T11:04:14.056-03:00  INFO 6952 --- [restartedMain] o.s.o.j.p.SpringPersistenceUnitInfo      : No LoadTimeWeaver setup: ignoring JPA class transformer
2025-03-21T11:04:14.108-03:00  INFO 6952 --- [restartedMain] com.zaxxer.hikari.HikariDataSource       : HikariPool-1 - Starting...
2025-03-21T11:04:15.125-03:00  INFO 6952 --- [restartedMain] com.zaxxer.hikari.pool.HikariPool        : HikariPool-1 - Added connection org.postgresql.jdbc.PgConnection@7ad8eb66
2025-03-21T11:04:15.130-03:00  INFO 6952 --- [restartedMain] com.zaxxer.hikari.HikariDataSource       : HikariPool-1 - Start completed.
2025-03-21T11:04:15.222-03:00  WARN 6952 --- [restartedMain] org.hibernate.orm.deprecation            : HHH90000025: PostgreSQLDialect does not need to be specified explicitly using 'hibernate.dialect' (remove the property setting and it will be selected by default)
2025-03-21T11:04:16.425-03:00  INFO 6952 --- [restartedMain] o.h.e.t.j.p.i.JtaPlatformInitiator       : HHH000489: No JTA platform available (set 'hibernate.transaction.jta.platform' to enable JTA platform integration)
2025-03-21T11:04:17.247-03:00  INFO 6952 --- [restartedMain] j.LocalContainerEntityManagerFactoryBean : Initialized JPA EntityManagerFactory for persistence unit 'default'
2025-03-21T11:04:17.768-03:00  WARN 6952 --- [restartedMain] JpaBaseConfiguration$JpaWebConfiguration : spring.jpa.open-in-view is enabled by default. Therefore, database queries may be performed during view rendering. Explicitly configure spring.jpa.open-in-view to disable this warning
2025-03-21T11:04:18.339-03:00  INFO 6952 --- [restartedMain] o.s.b.a.e.web.EndpointLinksResolver      : Exposing 1 endpoint beneath base path '/actuator'
2025-03-21T11:04:18.704-03:00  WARN 6952 --- [restartedMain] ion$DefaultTemplateResolverConfiguration : Cannot find template location: classpath:/templates/ (please add some templates, check your Thymeleaf configuration, or set spring.thymeleaf.check-template-location=false)
2025-03-21T11:04:19.081-03:00  INFO 6952 --- [restartedMain] o.s.b.d.a.OptionalLiveReloadServer       : LiveReload server is running on port 35729
2025-03-21T11:04:19.168-03:00  INFO 6952 --- [restartedMain] o.s.b.w.embedded.tomcat.TomcatWebServer  : Tomcat started on port 8085 (http) with context path '/'
2025-03-21T11:04:19.186-03:00  INFO 6952 --- [restartedMain] br.com.zoi.apptdah.ApptdahApplication    : Started ApptdahApplication in 9.081 seconds (process running for 9.948)
2025-03-21T11:04:19.537-03:00  INFO 6952 --- [RMI TCP Connection(4)-127.0.0.1] o.a.c.c.C.[Tomcat].[localhost].[/]       : Initializing Spring DispatcherServlet 'dispatcherServlet'
2025-03-21T11:04:19.537-03:00  INFO 6952 --- [RMI TCP Connection(4)-127.0.0.1] o.s.web.servlet.DispatcherServlet        : Initializing Servlet 'dispatcherServlet'
2025-03-21T11:04:19.540-03:00  INFO 6952 --- [RMI TCP Connection(4)-127.0.0.1] o.s.web.servlet.DispatcherServlet        : Completed initialization in 2 ms
2025-03-21T11:35:11.857-03:00  INFO 6952 --- [RMI TCP Connection(36)-127.0.0.1] inMXBeanRegistrar$SpringApplicationAdmin : Application shutdown requested.
2025-03-21T11:35:11.887-03:00  INFO 6952 --- [RMI TCP Connection(36)-127.0.0.1] j.LocalContainerEntityManagerFactoryBean : Closing JPA EntityManagerFactory for persistence unit 'default'
2025-03-21T11:35:11.894-03:00  INFO 6952 --- [RMI TCP Connection(36)-127.0.0.1] com.zaxxer.hikari.HikariDataSource       : HikariPool-1 - Shutdown initiated...
2025-03-21T11:35:12.463-03:00  INFO 6952 --- [RMI TCP Connection(36)-127.0.0.1] com.zaxxer.hikari.HikariDataSource       : HikariPool-1 - Shutdown completed.
2025-03-21T11:42:20.453-03:00  INFO 6640 --- [restartedMain] br.com.zoi.apptdah.ApptdahApplication    : Starting ApptdahApplication using Java 21.0.6 with PID 6640 (C:\Users\James Ribeiro\Documents\dev\Appdah\app-tdah-back\target\classes started by James Ribeiro in C:\Users\James Ribeiro\Documents\dev\Appdah\app-tdah-back)
2025-03-21T11:42:20.456-03:00  INFO 6640 --- [restartedMain] br.com.zoi.apptdah.ApptdahApplication    : The following 1 profile is active: "local"
2025-03-21T11:42:21.050-03:00  INFO 6640 --- [restartedMain] .e.DevToolsPropertyDefaultsPostProcessor : Devtools property defaults active! Set 'spring.devtools.add-properties' to 'false' to disable
2025-03-21T11:42:21.050-03:00  INFO 6640 --- [restartedMain] .e.DevToolsPropertyDefaultsPostProcessor : For additional web related logging consider setting the 'logging.level.web' property to 'DEBUG'
2025-03-21T11:42:24.061-03:00  INFO 6640 --- [restartedMain] .s.d.r.c.RepositoryConfigurationDelegate : Bootstrapping Spring Data JPA repositories in DEFAULT mode.
2025-03-21T11:42:24.213-03:00  INFO 6640 --- [restartedMain] .s.d.r.c.RepositoryConfigurationDelegate : Finished Spring Data repository scanning in 132 ms. Found 2 JPA repository interfaces.
2025-03-21T11:42:26.257-03:00  INFO 6640 --- [restartedMain] o.s.b.w.embedded.tomcat.TomcatWebServer  : Tomcat initialized with port 8085 (http)
2025-03-21T11:42:26.284-03:00  INFO 6640 --- [restartedMain] o.apache.catalina.core.StandardService   : Starting service [Tomcat]
2025-03-21T11:42:26.285-03:00  INFO 6640 --- [restartedMain] o.apache.catalina.core.StandardEngine    : Starting Servlet engine: [Apache Tomcat/10.1.36]
2025-03-21T11:42:26.412-03:00  INFO 6640 --- [restartedMain] o.a.c.c.C.[Tomcat].[localhost].[/]       : Initializing Spring embedded WebApplicationContext
2025-03-21T11:42:26.413-03:00  INFO 6640 --- [restartedMain] w.s.c.ServletWebServerApplicationContext : Root WebApplicationContext: initialization completed in 5362 ms
2025-03-21T11:42:27.352-03:00  INFO 6640 --- [restartedMain] o.hibernate.jpa.internal.util.LogHelper  : HHH000204: Processing PersistenceUnitInfo [name: default]
2025-03-21T11:42:27.491-03:00  INFO 6640 --- [restartedMain] org.hibernate.Version                    : HHH000412: Hibernate ORM core version 6.5.3.Final
2025-03-21T11:42:27.617-03:00  INFO 6640 --- [restartedMain] o.h.c.internal.RegionFactoryInitiator    : HHH000026: Second-level cache disabled
2025-03-21T11:42:28.253-03:00  INFO 6640 --- [restartedMain] o.s.o.j.p.SpringPersistenceUnitInfo      : No LoadTimeWeaver setup: ignoring JPA class transformer
2025-03-21T11:42:28.306-03:00  INFO 6640 --- [restartedMain] com.zaxxer.hikari.HikariDataSource       : HikariPool-1 - Starting...
2025-03-21T11:42:29.425-03:00  INFO 6640 --- [restartedMain] com.zaxxer.hikari.pool.HikariPool        : HikariPool-1 - Added connection org.postgresql.jdbc.PgConnection@305afbf7
2025-03-21T11:42:29.428-03:00  INFO 6640 --- [restartedMain] com.zaxxer.hikari.HikariDataSource       : HikariPool-1 - Start completed.
2025-03-21T11:42:29.524-03:00  WARN 6640 --- [restartedMain] org.hibernate.orm.deprecation            : HHH90000025: PostgreSQLDialect does not need to be specified explicitly using 'hibernate.dialect' (remove the property setting and it will be selected by default)
2025-03-21T11:42:31.623-03:00  INFO 6640 --- [restartedMain] o.h.e.t.j.p.i.JtaPlatformInitiator       : HHH000489: No JTA platform available (set 'hibernate.transaction.jta.platform' to enable JTA platform integration)
2025-03-21T11:42:32.545-03:00  INFO 6640 --- [restartedMain] j.LocalContainerEntityManagerFactoryBean : Initialized JPA EntityManagerFactory for persistence unit 'default'
2025-03-21T11:42:33.446-03:00  WARN 6640 --- [restartedMain] JpaBaseConfiguration$JpaWebConfiguration : spring.jpa.open-in-view is enabled by default. Therefore, database queries may be performed during view rendering. Explicitly configure spring.jpa.open-in-view to disable this warning
2025-03-21T11:42:34.259-03:00  INFO 6640 --- [restartedMain] o.s.b.a.e.web.EndpointLinksResolver      : Exposing 1 endpoint beneath base path '/actuator'
2025-03-21T11:42:35.089-03:00  WARN 6640 --- [restartedMain] ion$DefaultTemplateResolverConfiguration : Cannot find template location: classpath:/templates/ (please add some templates, check your Thymeleaf configuration, or set spring.thymeleaf.check-template-location=false)
2025-03-21T11:42:35.662-03:00  INFO 6640 --- [restartedMain] o.s.b.d.a.OptionalLiveReloadServer       : LiveReload server is running on port 35729
2025-03-21T11:42:35.805-03:00  INFO 6640 --- [restartedMain] o.s.b.w.embedded.tomcat.TomcatWebServer  : Tomcat started on port 8085 (http) with context path '/'
2025-03-21T11:42:35.840-03:00  INFO 6640 --- [restartedMain] br.com.zoi.apptdah.ApptdahApplication    : Started ApptdahApplication in 16.489 seconds (process running for 18.086)
2025-03-21T11:42:39.625-03:00  INFO 6640 --- [SpringApplicationShutdownHook] j.LocalContainerEntityManagerFactoryBean : Closing JPA EntityManagerFactory for persistence unit 'default'
2025-03-21T11:42:39.633-03:00  INFO 6640 --- [SpringApplicationShutdownHook] com.zaxxer.hikari.HikariDataSource       : HikariPool-1 - Shutdown initiated...
2025-03-21T11:42:40.144-03:00  INFO 6640 --- [SpringApplicationShutdownHook] com.zaxxer.hikari.HikariDataSource       : HikariPool-1 - Shutdown completed.
2025-03-21T14:03:35.455-03:00  INFO 9064 --- [restartedMain] br.com.zoi.apptdah.ApptdahApplication    : Starting ApptdahApplication using Java 21.0.6 with PID 9064 (C:\Users\James Ribeiro\Documents\dev\Appdah\app-tdah-back\target\classes started by James Ribeiro in C:\Users\James Ribeiro\Documents\dev\Appdah\app-tdah-back)
2025-03-21T14:03:35.458-03:00  INFO 9064 --- [restartedMain] br.com.zoi.apptdah.ApptdahApplication    : The following 1 profile is active: "local"
2025-03-21T14:03:35.813-03:00  INFO 9064 --- [restartedMain] .e.DevToolsPropertyDefaultsPostProcessor : Devtools property defaults active! Set 'spring.devtools.add-properties' to 'false' to disable
2025-03-21T14:03:35.813-03:00  INFO 9064 --- [restartedMain] .e.DevToolsPropertyDefaultsPostProcessor : For additional web related logging consider setting the 'logging.level.web' property to 'DEBUG'
2025-03-21T14:03:37.090-03:00  INFO 9064 --- [restartedMain] .s.d.r.c.RepositoryConfigurationDelegate : Bootstrapping Spring Data JPA repositories in DEFAULT mode.
2025-03-21T14:03:37.166-03:00  INFO 9064 --- [restartedMain] .s.d.r.c.RepositoryConfigurationDelegate : Finished Spring Data repository scanning in 64 ms. Found 2 JPA repository interfaces.
2025-03-21T14:03:38.181-03:00  INFO 9064 --- [restartedMain] o.s.b.w.embedded.tomcat.TomcatWebServer  : Tomcat initialized with port 8085 (http)
2025-03-21T14:03:38.204-03:00  INFO 9064 --- [restartedMain] o.apache.catalina.core.StandardService   : Starting service [Tomcat]
2025-03-21T14:03:38.205-03:00  INFO 9064 --- [restartedMain] o.apache.catalina.core.StandardEngine    : Starting Servlet engine: [Apache Tomcat/10.1.36]
2025-03-21T14:03:38.290-03:00  INFO 9064 --- [restartedMain] o.a.c.c.C.[Tomcat].[localhost].[/]       : Initializing Spring embedded WebApplicationContext
2025-03-21T14:03:38.291-03:00  INFO 9064 --- [restartedMain] w.s.c.ServletWebServerApplicationContext : Root WebApplicationContext: initialization completed in 2477 ms
2025-03-21T14:03:38.715-03:00  INFO 9064 --- [restartedMain] o.hibernate.jpa.internal.util.LogHelper  : HHH000204: Processing PersistenceUnitInfo [name: default]
2025-03-21T14:03:38.791-03:00  INFO 9064 --- [restartedMain] org.hibernate.Version                    : HHH000412: Hibernate ORM core version 6.5.3.Final
2025-03-21T14:03:38.839-03:00  INFO 9064 --- [restartedMain] o.h.c.internal.RegionFactoryInitiator    : HHH000026: Second-level cache disabled
2025-03-21T14:03:39.251-03:00  INFO 9064 --- [restartedMain] o.s.o.j.p.SpringPersistenceUnitInfo      : No LoadTimeWeaver setup: ignoring JPA class transformer
2025-03-21T14:03:39.301-03:00  INFO 9064 --- [restartedMain] com.zaxxer.hikari.HikariDataSource       : HikariPool-1 - Starting...
2025-03-21T14:03:40.224-03:00  INFO 9064 --- [restartedMain] com.zaxxer.hikari.pool.HikariPool        : HikariPool-1 - Added connection org.postgresql.jdbc.PgConnection@7fede60f
2025-03-21T14:03:40.229-03:00  INFO 9064 --- [restartedMain] com.zaxxer.hikari.HikariDataSource       : HikariPool-1 - Start completed.
2025-03-21T14:03:40.323-03:00  WARN 9064 --- [restartedMain] org.hibernate.orm.deprecation            : HHH90000025: PostgreSQLDialect does not need to be specified explicitly using 'hibernate.dialect' (remove the property setting and it will be selected by default)
2025-03-21T14:03:41.581-03:00  INFO 9064 --- [restartedMain] o.h.e.t.j.p.i.JtaPlatformInitiator       : HHH000489: No JTA platform available (set 'hibernate.transaction.jta.platform' to enable JTA platform integration)
2025-03-21T14:03:42.427-03:00  INFO 9064 --- [restartedMain] j.LocalContainerEntityManagerFactoryBean : Initialized JPA EntityManagerFactory for persistence unit 'default'
2025-03-21T14:03:43.003-03:00  WARN 9064 --- [restartedMain] JpaBaseConfiguration$JpaWebConfiguration : spring.jpa.open-in-view is enabled by default. Therefore, database queries may be performed during view rendering. Explicitly configure spring.jpa.open-in-view to disable this warning
2025-03-21T14:03:43.575-03:00  INFO 9064 --- [restartedMain] o.s.b.a.e.web.EndpointLinksResolver      : Exposing 1 endpoint beneath base path '/actuator'
2025-03-21T14:03:43.947-03:00  WARN 9064 --- [restartedMain] ion$DefaultTemplateResolverConfiguration : Cannot find template location: classpath:/templates/ (please add some templates, check your Thymeleaf configuration, or set spring.thymeleaf.check-template-location=false)
2025-03-21T14:03:44.336-03:00  INFO 9064 --- [restartedMain] o.s.b.d.a.OptionalLiveReloadServer       : LiveReload server is running on port 35729
2025-03-21T14:03:44.423-03:00  INFO 9064 --- [restartedMain] o.s.b.w.embedded.tomcat.TomcatWebServer  : Tomcat started on port 8085 (http) with context path '/'
2025-03-21T14:03:44.440-03:00  INFO 9064 --- [restartedMain] br.com.zoi.apptdah.ApptdahApplication    : Started ApptdahApplication in 9.881 seconds (process running for 10.98)
2025-03-21T14:03:44.936-03:00  INFO 9064 --- [RMI TCP Connection(4)-127.0.0.1] o.a.c.c.C.[Tomcat].[localhost].[/]       : Initializing Spring DispatcherServlet 'dispatcherServlet'
2025-03-21T14:03:44.936-03:00  INFO 9064 --- [RMI TCP Connection(4)-127.0.0.1] o.s.web.servlet.DispatcherServlet        : Initializing Servlet 'dispatcherServlet'
2025-03-21T14:03:44.939-03:00  INFO 9064 --- [RMI TCP Connection(4)-127.0.0.1] o.s.web.servlet.DispatcherServlet        : Completed initialization in 2 ms
2025-03-21T14:07:15.653-03:00  INFO 9064 --- [File Watcher] rtingClassPathChangeChangedEventListener : Restarting due to 21 class path changes (0 additions, 21 deletions, 0 modifications)
2025-03-21T14:07:15.866-03:00  INFO 9064 --- [Thread-5] j.LocalContainerEntityManagerFactoryBean : Closing JPA EntityManagerFactory for persistence unit 'default'
2025-03-21T14:07:15.871-03:00  INFO 9064 --- [Thread-5] com.zaxxer.hikari.HikariDataSource       : HikariPool-1 - Shutdown initiated...
2025-03-21T14:07:16.533-03:00  INFO 9064 --- [Thread-5] com.zaxxer.hikari.HikariDataSource       : HikariPool-1 - Shutdown completed.
2025-03-21T14:07:24.971-03:00  INFO 9064 --- [restartedMain] br.com.zoi.apptdah.ApptdahApplication    : Starting ApptdahApplication using Java 21.0.6 with PID 9064 (C:\Users\James Ribeiro\Documents\dev\Appdah\app-tdah-back\target\classes started by James Ribeiro in C:\Users\James Ribeiro\Documents\dev\Appdah\app-tdah-back)
2025-03-21T14:07:24.971-03:00  INFO 9064 --- [restartedMain] br.com.zoi.apptdah.ApptdahApplication    : The following 1 profile is active: "local"
2025-03-21T14:07:25.449-03:00  INFO 9064 --- [restartedMain] .s.d.r.c.RepositoryConfigurationDelegate : Bootstrapping Spring Data JPA repositories in DEFAULT mode.
2025-03-21T14:07:25.469-03:00  INFO 9064 --- [restartedMain] .s.d.r.c.RepositoryConfigurationDelegate : Finished Spring Data repository scanning in 19 ms. Found 2 JPA repository interfaces.
2025-03-21T14:07:25.714-03:00  INFO 9064 --- [restartedMain] o.s.b.w.embedded.tomcat.TomcatWebServer  : Tomcat initialized with port 8085 (http)
2025-03-21T14:07:25.718-03:00  INFO 9064 --- [restartedMain] o.apache.catalina.core.StandardService   : Starting service [Tomcat]
2025-03-21T14:07:25.720-03:00  INFO 9064 --- [restartedMain] o.apache.catalina.core.StandardEngine    : Starting Servlet engine: [Apache Tomcat/10.1.36]
2025-03-21T14:07:25.771-03:00  INFO 9064 --- [restartedMain] o.a.c.c.C.[Tomcat-1].[localhost].[/]     : Initializing Spring embedded WebApplicationContext
2025-03-21T14:07:25.771-03:00  INFO 9064 --- [restartedMain] w.s.c.ServletWebServerApplicationContext : Root WebApplicationContext: initialization completed in 797 ms
2025-03-21T14:07:26.114-03:00  INFO 9064 --- [restartedMain] o.hibernate.jpa.internal.util.LogHelper  : HHH000204: Processing PersistenceUnitInfo [name: default]
2025-03-21T14:07:26.122-03:00  INFO 9064 --- [restartedMain] o.h.c.internal.RegionFactoryInitiator    : HHH000026: Second-level cache disabled
2025-03-21T14:07:26.154-03:00  INFO 9064 --- [restartedMain] o.s.o.j.p.SpringPersistenceUnitInfo      : No LoadTimeWeaver setup: ignoring JPA class transformer
2025-03-21T14:07:26.157-03:00  INFO 9064 --- [restartedMain] com.zaxxer.hikari.HikariDataSource       : HikariPool-2 - Starting...
2025-03-21T14:07:26.833-03:00  INFO 9064 --- [restartedMain] com.zaxxer.hikari.pool.HikariPool        : HikariPool-2 - Added connection org.postgresql.jdbc.PgConnection@1fb8d073
2025-03-21T14:07:26.834-03:00  INFO 9064 --- [restartedMain] com.zaxxer.hikari.HikariDataSource       : HikariPool-2 - Start completed.
2025-03-21T14:07:26.903-03:00  WARN 9064 --- [restartedMain] org.hibernate.orm.deprecation            : HHH90000025: PostgreSQLDialect does not need to be specified explicitly using 'hibernate.dialect' (remove the property setting and it will be selected by default)
2025-03-21T14:07:27.147-03:00  INFO 9064 --- [restartedMain] o.h.e.t.j.p.i.JtaPlatformInitiator       : HHH000489: No JTA platform available (set 'hibernate.transaction.jta.platform' to enable JTA platform integration)
2025-03-21T14:07:27.952-03:00  INFO 9064 --- [restartedMain] j.LocalContainerEntityManagerFactoryBean : Initialized JPA EntityManagerFactory for persistence unit 'default'
2025-03-21T14:07:28.409-03:00  WARN 9064 --- [restartedMain] JpaBaseConfiguration$JpaWebConfiguration : spring.jpa.open-in-view is enabled by default. Therefore, database queries may be performed during view rendering. Explicitly configure spring.jpa.open-in-view to disable this warning
2025-03-21T14:07:28.765-03:00  INFO 9064 --- [restartedMain] o.s.b.a.e.web.EndpointLinksResolver      : Exposing 1 endpoint beneath base path '/actuator'
2025-03-21T14:07:28.991-03:00  WARN 9064 --- [restartedMain] ion$DefaultTemplateResolverConfiguration : Cannot find template location: classpath:/templates/ (please add some templates, check your Thymeleaf configuration, or set spring.thymeleaf.check-template-location=false)
2025-03-21T14:07:29.260-03:00  INFO 9064 --- [restartedMain] o.s.b.d.a.OptionalLiveReloadServer       : LiveReload server is running on port 35729
2025-03-21T14:07:29.305-03:00  INFO 9064 --- [restartedMain] o.s.b.w.embedded.tomcat.TomcatWebServer  : Tomcat started on port 8085 (http) with context path '/'
2025-03-21T14:07:29.325-03:00  INFO 9064 --- [restartedMain] br.com.zoi.apptdah.ApptdahApplication    : Started ApptdahApplication in 4.4 seconds (process running for 235.866)
2025-03-21T14:07:29.329-03:00  INFO 9064 --- [restartedMain] .ConditionEvaluationDeltaLoggingListener : Condition evaluation unchanged
2025-03-21T14:07:32.091-03:00  INFO 9064 --- [http-nio-8085-exec-1] o.a.c.c.C.[Tomcat-1].[localhost].[/]     : Initializing Spring DispatcherServlet 'dispatcherServlet'
2025-03-21T14:07:32.091-03:00  INFO 9064 --- [http-nio-8085-exec-1] o.s.web.servlet.DispatcherServlet        : Initializing Servlet 'dispatcherServlet'
2025-03-21T14:07:32.097-03:00  INFO 9064 --- [http-nio-8085-exec-1] o.s.web.servlet.DispatcherServlet        : Completed initialization in 5 ms
2025-03-21T14:08:57.289-03:00  INFO 9064 --- [File Watcher] rtingClassPathChangeChangedEventListener : Restarting due to 1 class path change (0 additions, 0 deletions, 1 modification)
2025-03-21T14:08:57.315-03:00  INFO 9064 --- [Thread-7] j.LocalContainerEntityManagerFactoryBean : Closing JPA EntityManagerFactory for persistence unit 'default'
2025-03-21T14:08:57.317-03:00  INFO 9064 --- [Thread-7] com.zaxxer.hikari.HikariDataSource       : HikariPool-2 - Shutdown initiated...
2025-03-21T14:08:57.848-03:00  INFO 9064 --- [Thread-7] com.zaxxer.hikari.HikariDataSource       : HikariPool-2 - Shutdown completed.
2025-03-21T14:08:58.003-03:00  INFO 9064 --- [restartedMain] br.com.zoi.apptdah.ApptdahApplication    : Starting ApptdahApplication using Java 21.0.6 with PID 9064 (C:\Users\James Ribeiro\Documents\dev\Appdah\app-tdah-back\target\classes started by James Ribeiro in C:\Users\James Ribeiro\Documents\dev\Appdah\app-tdah-back)
2025-03-21T14:08:58.004-03:00  INFO 9064 --- [restartedMain] br.com.zoi.apptdah.ApptdahApplication    : The following 1 profile is active: "local"
2025-03-21T14:08:58.509-03:00  INFO 9064 --- [restartedMain] .s.d.r.c.RepositoryConfigurationDelegate : Bootstrapping Spring Data JPA repositories in DEFAULT mode.
2025-03-21T14:08:58.529-03:00  INFO 9064 --- [restartedMain] .s.d.r.c.RepositoryConfigurationDelegate : Finished Spring Data repository scanning in 18 ms. Found 2 JPA repository interfaces.
2025-03-21T14:08:58.786-03:00  INFO 9064 --- [restartedMain] o.s.b.w.embedded.tomcat.TomcatWebServer  : Tomcat initialized with port 8085 (http)
2025-03-21T14:08:58.789-03:00  INFO 9064 --- [restartedMain] o.apache.catalina.core.StandardService   : Starting service [Tomcat]
2025-03-21T14:08:58.789-03:00  INFO 9064 --- [restartedMain] o.apache.catalina.core.StandardEngine    : Starting Servlet engine: [Apache Tomcat/10.1.36]
2025-03-21T14:08:58.830-03:00  INFO 9064 --- [restartedMain] o.a.c.c.C.[Tomcat-1].[localhost].[/]     : Initializing Spring embedded WebApplicationContext
2025-03-21T14:08:58.831-03:00  INFO 9064 --- [restartedMain] w.s.c.ServletWebServerApplicationContext : Root WebApplicationContext: initialization completed in 815 ms
2025-03-21T14:08:59.061-03:00  INFO 9064 --- [restartedMain] o.hibernate.jpa.internal.util.LogHelper  : HHH000204: Processing PersistenceUnitInfo [name: default]
2025-03-21T14:08:59.066-03:00  INFO 9064 --- [restartedMain] o.h.c.internal.RegionFactoryInitiator    : HHH000026: Second-level cache disabled
2025-03-21T14:08:59.079-03:00  INFO 9064 --- [restartedMain] o.s.o.j.p.SpringPersistenceUnitInfo      : No LoadTimeWeaver setup: ignoring JPA class transformer
2025-03-21T14:08:59.082-03:00  INFO 9064 --- [restartedMain] com.zaxxer.hikari.HikariDataSource       : HikariPool-3 - Starting...
2025-03-21T14:08:59.679-03:00  INFO 9064 --- [restartedMain] com.zaxxer.hikari.pool.HikariPool        : HikariPool-3 - Added connection org.postgresql.jdbc.PgConnection@7eb0b1fb
2025-03-21T14:08:59.680-03:00  INFO 9064 --- [restartedMain] com.zaxxer.hikari.HikariDataSource       : HikariPool-3 - Start completed.
2025-03-21T14:08:59.737-03:00  WARN 9064 --- [restartedMain] org.hibernate.orm.deprecation            : HHH90000025: PostgreSQLDialect does not need to be specified explicitly using 'hibernate.dialect' (remove the property setting and it will be selected by default)
2025-03-21T14:08:59.899-03:00  INFO 9064 --- [restartedMain] o.h.e.t.j.p.i.JtaPlatformInitiator       : HHH000489: No JTA platform available (set 'hibernate.transaction.jta.platform' to enable JTA platform integration)
2025-03-21T14:09:00.583-03:00  INFO 9064 --- [restartedMain] j.LocalContainerEntityManagerFactoryBean : Initialized JPA EntityManagerFactory for persistence unit 'default'
2025-03-21T14:09:00.762-03:00  WARN 9064 --- [restartedMain] JpaBaseConfiguration$JpaWebConfiguration : spring.jpa.open-in-view is enabled by default. Therefore, database queries may be performed during view rendering. Explicitly configure spring.jpa.open-in-view to disable this warning
2025-03-21T14:09:01.038-03:00  INFO 9064 --- [restartedMain] o.s.b.a.e.web.EndpointLinksResolver      : Exposing 1 endpoint beneath base path '/actuator'
2025-03-21T14:09:01.211-03:00  WARN 9064 --- [restartedMain] ion$DefaultTemplateResolverConfiguration : Cannot find template location: classpath:/templates/ (please add some templates, check your Thymeleaf configuration, or set spring.thymeleaf.check-template-location=false)
2025-03-21T14:09:01.411-03:00  INFO 9064 --- [restartedMain] o.s.b.d.a.OptionalLiveReloadServer       : LiveReload server is running on port 35729
2025-03-21T14:09:01.458-03:00  INFO 9064 --- [restartedMain] o.s.b.w.embedded.tomcat.TomcatWebServer  : Tomcat started on port 8085 (http) with context path '/'
2025-03-21T14:09:01.470-03:00  INFO 9064 --- [restartedMain] br.com.zoi.apptdah.ApptdahApplication    : Started ApptdahApplication in 3.515 seconds (process running for 328.01)
2025-03-21T14:09:01.475-03:00  INFO 9064 --- [restartedMain] .ConditionEvaluationDeltaLoggingListener : Condition evaluation unchanged
2025-03-21T14:09:06.925-03:00  INFO 9064 --- [http-nio-8085-exec-1] o.a.c.c.C.[Tomcat-1].[localhost].[/]     : Initializing Spring DispatcherServlet 'dispatcherServlet'
2025-03-21T14:09:06.925-03:00  INFO 9064 --- [http-nio-8085-exec-1] o.s.web.servlet.DispatcherServlet        : Initializing Servlet 'dispatcherServlet'
2025-03-21T14:09:06.928-03:00  INFO 9064 --- [http-nio-8085-exec-1] o.s.web.servlet.DispatcherServlet        : Completed initialization in 3 ms
2025-03-21T14:09:28.485-03:00  INFO 9064 --- [RMI TCP Connection(12)-127.0.0.1] inMXBeanRegistrar$SpringApplicationAdmin : Application shutdown requested.
2025-03-21T14:09:28.512-03:00  INFO 9064 --- [RMI TCP Connection(12)-127.0.0.1] j.LocalContainerEntityManagerFactoryBean : Closing JPA EntityManagerFactory for persistence unit 'default'
2025-03-21T14:09:28.513-03:00  INFO 9064 --- [RMI TCP Connection(12)-127.0.0.1] com.zaxxer.hikari.HikariDataSource       : HikariPool-3 - Shutdown initiated...
2025-03-21T14:09:29.027-03:00  INFO 9064 --- [RMI TCP Connection(12)-127.0.0.1] com.zaxxer.hikari.HikariDataSource       : HikariPool-3 - Shutdown completed.
2025-03-21T17:15:02.515-03:00  INFO 508 --- [restartedMain] br.com.zoi.apptdah.ApptdahApplication    : Starting ApptdahApplication using Java 21.0.6 with PID 508 (C:\Users\James Ribeiro\Documents\dev\Appdah\app-tdah-back\target\classes started by James Ribeiro in C:\Users\James Ribeiro\Documents\dev\Appdah\app-tdah-back)
2025-03-21T17:15:02.517-03:00  INFO 508 --- [restartedMain] br.com.zoi.apptdah.ApptdahApplication    : The following 1 profile is active: "local"
2025-03-21T17:15:02.585-03:00  INFO 508 --- [restartedMain] .e.DevToolsPropertyDefaultsPostProcessor : Devtools property defaults active! Set 'spring.devtools.add-properties' to 'false' to disable
2025-03-21T17:15:02.586-03:00  INFO 508 --- [restartedMain] .e.DevToolsPropertyDefaultsPostProcessor : For additional web related logging consider setting the 'logging.level.web' property to 'DEBUG'
2025-03-21T17:15:04.042-03:00  INFO 508 --- [restartedMain] .s.d.r.c.RepositoryConfigurationDelegate : Bootstrapping Spring Data JPA repositories in DEFAULT mode.
2025-03-21T17:15:04.114-03:00  INFO 508 --- [restartedMain] .s.d.r.c.RepositoryConfigurationDelegate : Finished Spring Data repository scanning in 61 ms. Found 2 JPA repository interfaces.
2025-03-21T17:15:05.000-03:00  INFO 508 --- [restartedMain] o.s.b.w.embedded.tomcat.TomcatWebServer  : Tomcat initialized with port 8085 (http)
2025-03-21T17:15:05.034-03:00  INFO 508 --- [restartedMain] o.apache.catalina.core.StandardService   : Starting service [Tomcat]
2025-03-21T17:15:05.034-03:00  INFO 508 --- [restartedMain] o.apache.catalina.core.StandardEngine    : Starting Servlet engine: [Apache Tomcat/10.1.36]
2025-03-21T17:15:05.111-03:00  INFO 508 --- [restartedMain] o.a.c.c.C.[Tomcat].[localhost].[/]       : Initializing Spring embedded WebApplicationContext
2025-03-21T17:15:05.112-03:00  INFO 508 --- [restartedMain] w.s.c.ServletWebServerApplicationContext : Root WebApplicationContext: initialization completed in 2525 ms
2025-03-21T17:15:05.518-03:00  INFO 508 --- [restartedMain] o.hibernate.jpa.internal.util.LogHelper  : HHH000204: Processing PersistenceUnitInfo [name: default]
2025-03-21T17:15:05.595-03:00  INFO 508 --- [restartedMain] org.hibernate.Version                    : HHH000412: Hibernate ORM core version 6.5.3.Final
2025-03-21T17:15:05.642-03:00  INFO 508 --- [restartedMain] o.h.c.internal.RegionFactoryInitiator    : HHH000026: Second-level cache disabled
2025-03-21T17:15:05.992-03:00  INFO 508 --- [restartedMain] o.s.o.j.p.SpringPersistenceUnitInfo      : No LoadTimeWeaver setup: ignoring JPA class transformer
2025-03-21T17:15:06.038-03:00  INFO 508 --- [restartedMain] com.zaxxer.hikari.HikariDataSource       : HikariPool-1 - Starting...
2025-03-21T17:15:07.020-03:00  INFO 508 --- [restartedMain] com.zaxxer.hikari.pool.HikariPool        : HikariPool-1 - Added connection org.postgresql.jdbc.PgConnection@4e637b7f
2025-03-21T17:15:07.025-03:00  INFO 508 --- [restartedMain] com.zaxxer.hikari.HikariDataSource       : HikariPool-1 - Start completed.
2025-03-21T17:15:07.134-03:00  WARN 508 --- [restartedMain] org.hibernate.orm.deprecation            : HHH90000025: PostgreSQLDialect does not need to be specified explicitly using 'hibernate.dialect' (remove the property setting and it will be selected by default)
2025-03-21T17:15:08.272-03:00  INFO 508 --- [restartedMain] o.h.e.t.j.p.i.JtaPlatformInitiator       : HHH000489: No JTA platform available (set 'hibernate.transaction.jta.platform' to enable JTA platform integration)
2025-03-21T17:15:08.848-03:00  WARN 508 --- [restartedMain] o.h.engine.jdbc.spi.SqlExceptionHelper   : SQL Warning Code: 0, SQLState: 00000
2025-03-21T17:15:08.849-03:00  WARN 508 --- [restartedMain] o.h.engine.jdbc.spi.SqlExceptionHelper   : constraint "uk5171l57faosmj8myawaucatdw" of relation "usuario" does not exist, skipping
2025-03-21T17:15:09.233-03:00  INFO 508 --- [restartedMain] j.LocalContainerEntityManagerFactoryBean : Initialized JPA EntityManagerFactory for persistence unit 'default'
2025-03-21T17:15:09.280-03:00  WARN 508 --- [restartedMain] ConfigServletWebServerApplicationContext : Exception encountered during context initialization - cancelling refresh attempt: org.springframework.beans.factory.UnsatisfiedDependencyException: Error creating bean with name 'secConfig': Unsatisfied dependency expressed through field 'jwtAuthenticationConverter': No qualifying bean of type 'org.springframework.security.oauth2.server.resource.authentication.JwtAuthenticationConverter' available: expected at least 1 bean which qualifies as autowire candidate. Dependency annotations: {@org.springframework.beans.factory.annotation.Autowired(required=true)}
2025-03-21T17:15:09.281-03:00  INFO 508 --- [restartedMain] j.LocalContainerEntityManagerFactoryBean : Closing JPA EntityManagerFactory for persistence unit 'default'
2025-03-21T17:15:09.287-03:00  INFO 508 --- [restartedMain] com.zaxxer.hikari.HikariDataSource       : HikariPool-1 - Shutdown initiated...
2025-03-21T17:15:09.727-03:00  INFO 508 --- [restartedMain] com.zaxxer.hikari.HikariDataSource       : HikariPool-1 - Shutdown completed.
2025-03-21T17:15:09.729-03:00  INFO 508 --- [restartedMain] o.apache.catalina.core.StandardService   : Stopping service [Tomcat]
2025-03-21T17:15:09.753-03:00  INFO 508 --- [restartedMain] .s.b.a.l.ConditionEvaluationReportLogger : 

Error starting ApplicationContext. To display the condition evaluation report re-run your application with 'debug' enabled.
2025-03-21T17:15:09.797-03:00 ERROR 508 --- [restartedMain] o.s.b.d.LoggingFailureAnalysisReporter   : 

***************************
APPLICATION FAILED TO START
***************************

Description:

Field jwtAuthenticationConverter in br.com.zoi.apptdah.config.security.SecConfig required a bean of type 'org.springframework.security.oauth2.server.resource.authentication.JwtAuthenticationConverter' that could not be found.

The injection point has the following annotations:
	- @org.springframework.beans.factory.annotation.Autowired(required=true)


Action:

Consider defining a bean of type 'org.springframework.security.oauth2.server.resource.authentication.JwtAuthenticationConverter' in your configuration.

2025-03-21T17:17:09.547-03:00  INFO 17784 --- [restartedMain] br.com.zoi.apptdah.ApptdahApplication    : Starting ApptdahApplication using Java 21.0.6 with PID 17784 (C:\Users\James Ribeiro\Documents\dev\Appdah\app-tdah-back\target\classes started by James Ribeiro in C:\Users\James Ribeiro\Documents\dev\Appdah\app-tdah-back)
2025-03-21T17:17:09.550-03:00  INFO 17784 --- [restartedMain] br.com.zoi.apptdah.ApptdahApplication    : The following 1 profile is active: "local"
2025-03-21T17:17:09.621-03:00  INFO 17784 --- [restartedMain] .e.DevToolsPropertyDefaultsPostProcessor : Devtools property defaults active! Set 'spring.devtools.add-properties' to 'false' to disable
2025-03-21T17:17:09.622-03:00  INFO 17784 --- [restartedMain] .e.DevToolsPropertyDefaultsPostProcessor : For additional web related logging consider setting the 'logging.level.web' property to 'DEBUG'
2025-03-21T17:17:10.899-03:00  INFO 17784 --- [restartedMain] .s.d.r.c.RepositoryConfigurationDelegate : Bootstrapping Spring Data JPA repositories in DEFAULT mode.
2025-03-21T17:17:10.970-03:00  INFO 17784 --- [restartedMain] .s.d.r.c.RepositoryConfigurationDelegate : Finished Spring Data repository scanning in 59 ms. Found 2 JPA repository interfaces.
2025-03-21T17:17:11.945-03:00  INFO 17784 --- [restartedMain] o.s.b.w.embedded.tomcat.TomcatWebServer  : Tomcat initialized with port 8085 (http)
2025-03-21T17:17:11.980-03:00  INFO 17784 --- [restartedMain] o.apache.catalina.core.StandardService   : Starting service [Tomcat]
2025-03-21T17:17:11.981-03:00  INFO 17784 --- [restartedMain] o.apache.catalina.core.StandardEngine    : Starting Servlet engine: [Apache Tomcat/10.1.36]
2025-03-21T17:17:12.056-03:00  INFO 17784 --- [restartedMain] o.a.c.c.C.[Tomcat].[localhost].[/]       : Initializing Spring embedded WebApplicationContext
2025-03-21T17:17:12.056-03:00  INFO 17784 --- [restartedMain] w.s.c.ServletWebServerApplicationContext : Root WebApplicationContext: initialization completed in 2434 ms
2025-03-21T17:17:12.504-03:00  INFO 17784 --- [restartedMain] o.hibernate.jpa.internal.util.LogHelper  : HHH000204: Processing PersistenceUnitInfo [name: default]
2025-03-21T17:17:12.587-03:00  INFO 17784 --- [restartedMain] org.hibernate.Version                    : HHH000412: Hibernate ORM core version 6.5.3.Final
2025-03-21T17:17:12.645-03:00  INFO 17784 --- [restartedMain] o.h.c.internal.RegionFactoryInitiator    : HHH000026: Second-level cache disabled
2025-03-21T17:17:12.994-03:00  INFO 17784 --- [restartedMain] o.s.o.j.p.SpringPersistenceUnitInfo      : No LoadTimeWeaver setup: ignoring JPA class transformer
2025-03-21T17:17:13.039-03:00  INFO 17784 --- [restartedMain] com.zaxxer.hikari.HikariDataSource       : HikariPool-1 - Starting...
2025-03-21T17:17:14.000-03:00  INFO 17784 --- [restartedMain] com.zaxxer.hikari.pool.HikariPool        : HikariPool-1 - Added connection org.postgresql.jdbc.PgConnection@4f5599c5
2025-03-21T17:17:14.007-03:00  INFO 17784 --- [restartedMain] com.zaxxer.hikari.HikariDataSource       : HikariPool-1 - Start completed.
2025-03-21T17:17:14.096-03:00  WARN 17784 --- [restartedMain] org.hibernate.orm.deprecation            : HHH90000025: PostgreSQLDialect does not need to be specified explicitly using 'hibernate.dialect' (remove the property setting and it will be selected by default)
2025-03-21T17:17:15.230-03:00  INFO 17784 --- [restartedMain] o.h.e.t.j.p.i.JtaPlatformInitiator       : HHH000489: No JTA platform available (set 'hibernate.transaction.jta.platform' to enable JTA platform integration)
2025-03-21T17:17:15.899-03:00  INFO 17784 --- [restartedMain] j.LocalContainerEntityManagerFactoryBean : Initialized JPA EntityManagerFactory for persistence unit 'default'
2025-03-21T17:17:16.457-03:00  WARN 17784 --- [restartedMain] JpaBaseConfiguration$JpaWebConfiguration : spring.jpa.open-in-view is enabled by default. Therefore, database queries may be performed during view rendering. Explicitly configure spring.jpa.open-in-view to disable this warning
2025-03-21T17:17:17.124-03:00  INFO 17784 --- [restartedMain] o.s.b.a.e.web.EndpointLinksResolver      : Exposing 1 endpoint beneath base path '/actuator'
2025-03-21T17:17:17.818-03:00  INFO 17784 --- [restartedMain] o.s.b.d.a.OptionalLiveReloadServer       : LiveReload server is running on port 35729
2025-03-21T17:17:17.909-03:00  INFO 17784 --- [restartedMain] o.s.b.w.embedded.tomcat.TomcatWebServer  : Tomcat started on port 8085 (http) with context path '/'
2025-03-21T17:17:17.941-03:00  INFO 17784 --- [restartedMain] br.com.zoi.apptdah.ApptdahApplication    : Started ApptdahApplication in 8.977 seconds (process running for 9.833)
2025-03-21T17:17:18.501-03:00  INFO 17784 --- [RMI TCP Connection(4)-127.0.0.1] o.a.c.c.C.[Tomcat].[localhost].[/]       : Initializing Spring DispatcherServlet 'dispatcherServlet'
2025-03-21T17:17:18.502-03:00  INFO 17784 --- [RMI TCP Connection(4)-127.0.0.1] o.s.web.servlet.DispatcherServlet        : Initializing Servlet 'dispatcherServlet'
2025-03-21T17:17:18.504-03:00  INFO 17784 --- [RMI TCP Connection(4)-127.0.0.1] o.s.web.servlet.DispatcherServlet        : Completed initialization in 2 ms
2025-03-21T17:18:51.813-03:00  INFO 17784 --- [RMI TCP Connection(7)-127.0.0.1] inMXBeanRegistrar$SpringApplicationAdmin : Application shutdown requested.
2025-03-21T17:18:51.842-03:00  INFO 17784 --- [RMI TCP Connection(7)-127.0.0.1] j.LocalContainerEntityManagerFactoryBean : Closing JPA EntityManagerFactory for persistence unit 'default'
2025-03-21T17:18:51.846-03:00  INFO 17784 --- [RMI TCP Connection(7)-127.0.0.1] com.zaxxer.hikari.HikariDataSource       : HikariPool-1 - Shutdown initiated...
2025-03-21T17:18:52.395-03:00  INFO 17784 --- [RMI TCP Connection(7)-127.0.0.1] com.zaxxer.hikari.HikariDataSource       : HikariPool-1 - Shutdown completed.
2025-03-21T17:19:00.046-03:00  INFO 16492 --- [restartedMain] br.com.zoi.apptdah.ApptdahApplication    : Starting ApptdahApplication using Java 21.0.6 with PID 16492 (C:\Users\James Ribeiro\Documents\dev\Appdah\app-tdah-back\target\classes started by James Ribeiro in C:\Users\James Ribeiro\Documents\dev\Appdah\app-tdah-back)
2025-03-21T17:19:00.049-03:00  INFO 16492 --- [restartedMain] br.com.zoi.apptdah.ApptdahApplication    : The following 1 profile is active: "local"
2025-03-21T17:19:00.112-03:00  INFO 16492 --- [restartedMain] .e.DevToolsPropertyDefaultsPostProcessor : Devtools property defaults active! Set 'spring.devtools.add-properties' to 'false' to disable
2025-03-21T17:19:00.113-03:00  INFO 16492 --- [restartedMain] .e.DevToolsPropertyDefaultsPostProcessor : For additional web related logging consider setting the 'logging.level.web' property to 'DEBUG'
2025-03-21T17:19:01.288-03:00  INFO 16492 --- [restartedMain] .s.d.r.c.RepositoryConfigurationDelegate : Bootstrapping Spring Data JPA repositories in DEFAULT mode.
2025-03-21T17:19:01.369-03:00  INFO 16492 --- [restartedMain] .s.d.r.c.RepositoryConfigurationDelegate : Finished Spring Data repository scanning in 70 ms. Found 2 JPA repository interfaces.
2025-03-21T17:19:02.338-03:00  INFO 16492 --- [restartedMain] o.s.b.w.embedded.tomcat.TomcatWebServer  : Tomcat initialized with port 8085 (http)
2025-03-21T17:19:02.373-03:00  INFO 16492 --- [restartedMain] o.apache.catalina.core.StandardService   : Starting service [Tomcat]
2025-03-21T17:19:02.373-03:00  INFO 16492 --- [restartedMain] o.apache.catalina.core.StandardEngine    : Starting Servlet engine: [Apache Tomcat/10.1.36]
2025-03-21T17:19:02.447-03:00  INFO 16492 --- [restartedMain] o.a.c.c.C.[Tomcat].[localhost].[/]       : Initializing Spring embedded WebApplicationContext
2025-03-21T17:19:02.448-03:00  INFO 16492 --- [restartedMain] w.s.c.ServletWebServerApplicationContext : Root WebApplicationContext: initialization completed in 2334 ms
2025-03-21T17:19:03.050-03:00  INFO 16492 --- [restartedMain] o.hibernate.jpa.internal.util.LogHelper  : HHH000204: Processing PersistenceUnitInfo [name: default]
2025-03-21T17:19:03.252-03:00  INFO 16492 --- [restartedMain] org.hibernate.Version                    : HHH000412: Hibernate ORM core version 6.5.3.Final
2025-03-21T17:19:03.364-03:00  INFO 16492 --- [restartedMain] o.h.c.internal.RegionFactoryInitiator    : HHH000026: Second-level cache disabled
2025-03-21T17:19:03.813-03:00  INFO 16492 --- [restartedMain] o.s.o.j.p.SpringPersistenceUnitInfo      : No LoadTimeWeaver setup: ignoring JPA class transformer
2025-03-21T17:19:03.878-03:00  INFO 16492 --- [restartedMain] com.zaxxer.hikari.HikariDataSource       : HikariPool-1 - Starting...
2025-03-21T17:19:05.036-03:00  INFO 16492 --- [restartedMain] com.zaxxer.hikari.pool.HikariPool        : HikariPool-1 - Added connection org.postgresql.jdbc.PgConnection@4472ca10
2025-03-21T17:19:05.043-03:00  INFO 16492 --- [restartedMain] com.zaxxer.hikari.HikariDataSource       : HikariPool-1 - Start completed.
2025-03-21T17:19:05.136-03:00  WARN 16492 --- [restartedMain] org.hibernate.orm.deprecation            : HHH90000025: PostgreSQLDialect does not need to be specified explicitly using 'hibernate.dialect' (remove the property setting and it will be selected by default)
2025-03-21T17:19:06.258-03:00  INFO 16492 --- [restartedMain] o.h.e.t.j.p.i.JtaPlatformInitiator       : HHH000489: No JTA platform available (set 'hibernate.transaction.jta.platform' to enable JTA platform integration)
2025-03-21T17:19:06.920-03:00  INFO 16492 --- [restartedMain] j.LocalContainerEntityManagerFactoryBean : Initialized JPA EntityManagerFactory for persistence unit 'default'
2025-03-21T17:19:07.589-03:00  WARN 16492 --- [restartedMain] JpaBaseConfiguration$JpaWebConfiguration : spring.jpa.open-in-view is enabled by default. Therefore, database queries may be performed during view rendering. Explicitly configure spring.jpa.open-in-view to disable this warning
2025-03-21T17:19:08.130-03:00  INFO 16492 --- [restartedMain] o.s.b.a.e.web.EndpointLinksResolver      : Exposing 1 endpoint beneath base path '/actuator'
2025-03-21T17:19:08.781-03:00  INFO 16492 --- [restartedMain] o.s.b.d.a.OptionalLiveReloadServer       : LiveReload server is running on port 35729
2025-03-21T17:19:08.901-03:00  INFO 16492 --- [restartedMain] o.s.b.w.embedded.tomcat.TomcatWebServer  : Tomcat started on port 8085 (http) with context path '/'
2025-03-21T17:19:08.922-03:00  INFO 16492 --- [restartedMain] br.com.zoi.apptdah.ApptdahApplication    : Started ApptdahApplication in 9.391 seconds (process running for 10.256)
2025-03-21T17:19:09.372-03:00  INFO 16492 --- [RMI TCP Connection(4)-127.0.0.1] o.a.c.c.C.[Tomcat].[localhost].[/]       : Initializing Spring DispatcherServlet 'dispatcherServlet'
2025-03-21T17:19:09.373-03:00  INFO 16492 --- [RMI TCP Connection(4)-127.0.0.1] o.s.web.servlet.DispatcherServlet        : Initializing Servlet 'dispatcherServlet'
2025-03-21T17:19:09.375-03:00  INFO 16492 --- [RMI TCP Connection(4)-127.0.0.1] o.s.web.servlet.DispatcherServlet        : Completed initialization in 2 ms
2025-03-21T18:41:40.596-03:00  INFO 16492 --- [File Watcher] rtingClassPathChangeChangedEventListener : Restarting due to 1 class path change (0 additions, 0 deletions, 1 modification)
2025-03-21T18:41:40.661-03:00  INFO 16492 --- [Thread-5] j.LocalContainerEntityManagerFactoryBean : Closing JPA EntityManagerFactory for persistence unit 'default'
2025-03-21T18:41:40.672-03:00  INFO 16492 --- [Thread-5] com.zaxxer.hikari.HikariDataSource       : HikariPool-1 - Shutdown initiated...
2025-03-21T18:41:41.260-03:00  INFO 16492 --- [Thread-5] com.zaxxer.hikari.HikariDataSource       : HikariPool-1 - Shutdown completed.
2025-03-21T18:41:41.483-03:00  INFO 16492 --- [restartedMain] br.com.zoi.apptdah.ApptdahApplication    : Starting ApptdahApplication using Java 21.0.6 with PID 16492 (C:\Users\James Ribeiro\Documents\dev\Appdah\app-tdah-back\target\classes started by James Ribeiro in C:\Users\James Ribeiro\Documents\dev\Appdah\app-tdah-back)
2025-03-21T18:41:41.483-03:00  INFO 16492 --- [restartedMain] br.com.zoi.apptdah.ApptdahApplication    : The following 1 profile is active: "local"
2025-03-21T18:41:42.004-03:00  INFO 16492 --- [restartedMain] .s.d.r.c.RepositoryConfigurationDelegate : Bootstrapping Spring Data JPA repositories in DEFAULT mode.
2025-03-21T18:41:42.028-03:00  INFO 16492 --- [restartedMain] .s.d.r.c.RepositoryConfigurationDelegate : Finished Spring Data repository scanning in 23 ms. Found 2 JPA repository interfaces.
2025-03-21T18:41:42.315-03:00  INFO 16492 --- [restartedMain] o.s.b.w.embedded.tomcat.TomcatWebServer  : Tomcat initialized with port 8085 (http)
2025-03-21T18:41:42.318-03:00  INFO 16492 --- [restartedMain] o.apache.catalina.core.StandardService   : Starting service [Tomcat]
2025-03-21T18:41:42.319-03:00  INFO 16492 --- [restartedMain] o.apache.catalina.core.StandardEngine    : Starting Servlet engine: [Apache Tomcat/10.1.36]
2025-03-21T18:41:42.358-03:00  INFO 16492 --- [restartedMain] o.a.c.c.C.[Tomcat].[localhost].[/]       : Initializing Spring embedded WebApplicationContext
2025-03-21T18:41:42.359-03:00  INFO 16492 --- [restartedMain] w.s.c.ServletWebServerApplicationContext : Root WebApplicationContext: initialization completed in 868 ms
2025-03-21T18:41:42.594-03:00  INFO 16492 --- [restartedMain] o.hibernate.jpa.internal.util.LogHelper  : HHH000204: Processing PersistenceUnitInfo [name: default]
2025-03-21T18:41:42.599-03:00  INFO 16492 --- [restartedMain] o.h.c.internal.RegionFactoryInitiator    : HHH000026: Second-level cache disabled
2025-03-21T18:41:42.616-03:00  INFO 16492 --- [restartedMain] o.s.o.j.p.SpringPersistenceUnitInfo      : No LoadTimeWeaver setup: ignoring JPA class transformer
2025-03-21T18:41:42.621-03:00  INFO 16492 --- [restartedMain] com.zaxxer.hikari.HikariDataSource       : HikariPool-2 - Starting...
2025-03-21T18:41:43.239-03:00  INFO 16492 --- [restartedMain] com.zaxxer.hikari.pool.HikariPool        : HikariPool-2 - Added connection org.postgresql.jdbc.PgConnection@38178e40
2025-03-21T18:41:43.240-03:00  INFO 16492 --- [restartedMain] com.zaxxer.hikari.HikariDataSource       : HikariPool-2 - Start completed.
2025-03-21T18:41:43.308-03:00  WARN 16492 --- [restartedMain] org.hibernate.orm.deprecation            : HHH90000025: PostgreSQLDialect does not need to be specified explicitly using 'hibernate.dialect' (remove the property setting and it will be selected by default)
2025-03-21T18:41:43.489-03:00  INFO 16492 --- [restartedMain] o.h.e.t.j.p.i.JtaPlatformInitiator       : HHH000489: No JTA platform available (set 'hibernate.transaction.jta.platform' to enable JTA platform integration)
2025-03-21T18:41:44.027-03:00  INFO 16492 --- [restartedMain] j.LocalContainerEntityManagerFactoryBean : Initialized JPA EntityManagerFactory for persistence unit 'default'
2025-03-21T18:41:44.261-03:00  WARN 16492 --- [restartedMain] JpaBaseConfiguration$JpaWebConfiguration : spring.jpa.open-in-view is enabled by default. Therefore, database queries may be performed during view rendering. Explicitly configure spring.jpa.open-in-view to disable this warning
2025-03-21T18:41:44.614-03:00  INFO 16492 --- [restartedMain] o.s.b.a.e.web.EndpointLinksResolver      : Exposing 1 endpoint beneath base path '/actuator'
2025-03-21T18:41:45.277-03:00  INFO 16492 --- [restartedMain] o.s.b.d.a.OptionalLiveReloadServer       : LiveReload server is running on port 35729
2025-03-21T18:41:45.435-03:00  INFO 16492 --- [restartedMain] o.s.b.w.embedded.tomcat.TomcatWebServer  : Tomcat started on port 8085 (http) with context path '/'
2025-03-21T18:41:45.459-03:00  INFO 16492 --- [restartedMain] br.com.zoi.apptdah.ApptdahApplication    : Started ApptdahApplication in 4.03 seconds (process running for 4966.793)
2025-03-21T18:41:45.465-03:00  INFO 16492 --- [restartedMain] .ConditionEvaluationDeltaLoggingListener : Condition evaluation unchanged
2025-03-21T18:41:58.347-03:00  INFO 16492 --- [File Watcher] rtingClassPathChangeChangedEventListener : Restarting due to 1 class path change (0 additions, 0 deletions, 1 modification)
2025-03-21T18:41:58.381-03:00  INFO 16492 --- [Thread-7] j.LocalContainerEntityManagerFactoryBean : Closing JPA EntityManagerFactory for persistence unit 'default'
2025-03-21T18:41:58.382-03:00  INFO 16492 --- [Thread-7] com.zaxxer.hikari.HikariDataSource       : HikariPool-2 - Shutdown initiated...
2025-03-21T18:41:58.946-03:00  INFO 16492 --- [Thread-7] com.zaxxer.hikari.HikariDataSource       : HikariPool-2 - Shutdown completed.
2025-03-21T18:41:59.180-03:00  INFO 16492 --- [restartedMain] br.com.zoi.apptdah.ApptdahApplication    : Starting ApptdahApplication using Java 21.0.6 with PID 16492 (C:\Users\James Ribeiro\Documents\dev\Appdah\app-tdah-back\target\classes started by James Ribeiro in C:\Users\James Ribeiro\Documents\dev\Appdah\app-tdah-back)
2025-03-21T18:41:59.181-03:00  INFO 16492 --- [restartedMain] br.com.zoi.apptdah.ApptdahApplication    : The following 1 profile is active: "local"
2025-03-21T18:41:59.756-03:00  INFO 16492 --- [restartedMain] .s.d.r.c.RepositoryConfigurationDelegate : Bootstrapping Spring Data JPA repositories in DEFAULT mode.
2025-03-21T18:41:59.780-03:00  INFO 16492 --- [restartedMain] .s.d.r.c.RepositoryConfigurationDelegate : Finished Spring Data repository scanning in 21 ms. Found 2 JPA repository interfaces.
2025-03-21T18:42:00.048-03:00  INFO 16492 --- [restartedMain] o.s.b.w.embedded.tomcat.TomcatWebServer  : Tomcat initialized with port 8085 (http)
2025-03-21T18:42:00.050-03:00  INFO 16492 --- [restartedMain] o.apache.catalina.core.StandardService   : Starting service [Tomcat]
2025-03-21T18:42:00.050-03:00  INFO 16492 --- [restartedMain] o.apache.catalina.core.StandardEngine    : Starting Servlet engine: [Apache Tomcat/10.1.36]
2025-03-21T18:42:00.091-03:00  INFO 16492 --- [restartedMain] o.a.c.c.C.[Tomcat].[localhost].[/]       : Initializing Spring embedded WebApplicationContext
2025-03-21T18:42:00.092-03:00  INFO 16492 --- [restartedMain] w.s.c.ServletWebServerApplicationContext : Root WebApplicationContext: initialization completed in 907 ms
2025-03-21T18:42:00.348-03:00  INFO 16492 --- [restartedMain] o.hibernate.jpa.internal.util.LogHelper  : HHH000204: Processing PersistenceUnitInfo [name: default]
2025-03-21T18:42:00.352-03:00  INFO 16492 --- [restartedMain] o.h.c.internal.RegionFactoryInitiator    : HHH000026: Second-level cache disabled
2025-03-21T18:42:00.369-03:00  INFO 16492 --- [restartedMain] o.s.o.j.p.SpringPersistenceUnitInfo      : No LoadTimeWeaver setup: ignoring JPA class transformer
2025-03-21T18:42:00.372-03:00  INFO 16492 --- [restartedMain] com.zaxxer.hikari.HikariDataSource       : HikariPool-3 - Starting...
2025-03-21T18:42:00.969-03:00  INFO 16492 --- [restartedMain] com.zaxxer.hikari.pool.HikariPool        : HikariPool-3 - Added connection org.postgresql.jdbc.PgConnection@48498206
2025-03-21T18:42:00.969-03:00  INFO 16492 --- [restartedMain] com.zaxxer.hikari.HikariDataSource       : HikariPool-3 - Start completed.
2025-03-21T18:42:01.023-03:00  WARN 16492 --- [restartedMain] org.hibernate.orm.deprecation            : HHH90000025: PostgreSQLDialect does not need to be specified explicitly using 'hibernate.dialect' (remove the property setting and it will be selected by default)
2025-03-21T18:42:01.207-03:00  INFO 16492 --- [restartedMain] o.h.e.t.j.p.i.JtaPlatformInitiator       : HHH000489: No JTA platform available (set 'hibernate.transaction.jta.platform' to enable JTA platform integration)
2025-03-21T18:42:01.717-03:00  INFO 16492 --- [restartedMain] j.LocalContainerEntityManagerFactoryBean : Initialized JPA EntityManagerFactory for persistence unit 'default'
2025-03-21T18:42:01.927-03:00  WARN 16492 --- [restartedMain] JpaBaseConfiguration$JpaWebConfiguration : spring.jpa.open-in-view is enabled by default. Therefore, database queries may be performed during view rendering. Explicitly configure spring.jpa.open-in-view to disable this warning
2025-03-21T18:42:02.244-03:00  INFO 16492 --- [restartedMain] o.s.b.a.e.web.EndpointLinksResolver      : Exposing 1 endpoint beneath base path '/actuator'
2025-03-21T18:42:02.797-03:00  INFO 16492 --- [restartedMain] o.s.b.d.a.OptionalLiveReloadServer       : LiveReload server is running on port 35729
2025-03-21T18:42:02.843-03:00  INFO 16492 --- [restartedMain] o.s.b.w.embedded.tomcat.TomcatWebServer  : Tomcat started on port 8085 (http) with context path '/'
2025-03-21T18:42:02.863-03:00  INFO 16492 --- [restartedMain] br.com.zoi.apptdah.ApptdahApplication    : Started ApptdahApplication in 3.75 seconds (process running for 4984.197)
2025-03-21T18:42:02.867-03:00  INFO 16492 --- [restartedMain] .ConditionEvaluationDeltaLoggingListener : Condition evaluation unchanged
2025-03-21T18:42:12.417-03:00  INFO 16492 --- [http-nio-8085-exec-1] o.a.c.c.C.[Tomcat].[localhost].[/]       : Initializing Spring DispatcherServlet 'dispatcherServlet'
2025-03-21T18:42:12.418-03:00  INFO 16492 --- [http-nio-8085-exec-1] o.s.web.servlet.DispatcherServlet        : Initializing Servlet 'dispatcherServlet'
2025-03-21T18:42:12.420-03:00  INFO 16492 --- [http-nio-8085-exec-1] o.s.web.servlet.DispatcherServlet        : Completed initialization in 2 ms
2025-03-21T18:42:57.008-03:00  INFO 16492 --- [RMI TCP Connection(90)-127.0.0.1] inMXBeanRegistrar$SpringApplicationAdmin : Application shutdown requested.
2025-03-21T18:42:57.029-03:00  INFO 16492 --- [RMI TCP Connection(90)-127.0.0.1] j.LocalContainerEntityManagerFactoryBean : Closing JPA EntityManagerFactory for persistence unit 'default'
2025-03-21T18:42:57.030-03:00  INFO 16492 --- [RMI TCP Connection(90)-127.0.0.1] com.zaxxer.hikari.HikariDataSource       : HikariPool-3 - Shutdown initiated...
2025-03-21T18:42:57.557-03:00  INFO 16492 --- [RMI TCP Connection(90)-127.0.0.1] com.zaxxer.hikari.HikariDataSource       : HikariPool-3 - Shutdown completed.
2025-03-21T18:47:30.662-03:00  INFO 16252 --- [restartedMain] br.com.zoi.apptdah.ApptdahApplication    : Starting ApptdahApplication using Java 21.0.6 with PID 16252 (C:\Users\James Ribeiro\Documents\dev\Appdah\app-tdah-back\target\classes started by James Ribeiro in C:\Users\James Ribeiro\Documents\dev\Appdah\app-tdah-back)
2025-03-21T18:47:30.665-03:00  INFO 16252 --- [restartedMain] br.com.zoi.apptdah.ApptdahApplication    : The following 1 profile is active: "local"
2025-03-21T18:47:30.745-03:00  INFO 16252 --- [restartedMain] .e.DevToolsPropertyDefaultsPostProcessor : Devtools property defaults active! Set 'spring.devtools.add-properties' to 'false' to disable
2025-03-21T18:47:30.746-03:00  INFO 16252 --- [restartedMain] .e.DevToolsPropertyDefaultsPostProcessor : For additional web related logging consider setting the 'logging.level.web' property to 'DEBUG'
2025-03-21T18:47:32.298-03:00  INFO 16252 --- [restartedMain] .s.d.r.c.RepositoryConfigurationDelegate : Bootstrapping Spring Data JPA repositories in DEFAULT mode.
2025-03-21T18:47:32.367-03:00  INFO 16252 --- [restartedMain] .s.d.r.c.RepositoryConfigurationDelegate : Finished Spring Data repository scanning in 60 ms. Found 2 JPA repository interfaces.
2025-03-21T18:47:33.230-03:00  INFO 16252 --- [restartedMain] o.s.b.w.embedded.tomcat.TomcatWebServer  : Tomcat initialized with port 8085 (http)
2025-03-21T18:47:33.251-03:00  INFO 16252 --- [restartedMain] o.apache.catalina.core.StandardService   : Starting service [Tomcat]
2025-03-21T18:47:33.251-03:00  INFO 16252 --- [restartedMain] o.apache.catalina.core.StandardEngine    : Starting Servlet engine: [Apache Tomcat/10.1.36]
2025-03-21T18:47:33.319-03:00  INFO 16252 --- [restartedMain] o.a.c.c.C.[Tomcat].[localhost].[/]       : Initializing Spring embedded WebApplicationContext
2025-03-21T18:47:33.319-03:00  INFO 16252 --- [restartedMain] w.s.c.ServletWebServerApplicationContext : Root WebApplicationContext: initialization completed in 2572 ms
2025-03-21T18:47:33.720-03:00  INFO 16252 --- [restartedMain] o.hibernate.jpa.internal.util.LogHelper  : HHH000204: Processing PersistenceUnitInfo [name: default]
2025-03-21T18:47:33.792-03:00  INFO 16252 --- [restartedMain] org.hibernate.Version                    : HHH000412: Hibernate ORM core version 6.5.3.Final
2025-03-21T18:47:33.844-03:00  INFO 16252 --- [restartedMain] o.h.c.internal.RegionFactoryInitiator    : HHH000026: Second-level cache disabled
2025-03-21T18:47:34.177-03:00  INFO 16252 --- [restartedMain] o.s.o.j.p.SpringPersistenceUnitInfo      : No LoadTimeWeaver setup: ignoring JPA class transformer
2025-03-21T18:47:34.218-03:00  INFO 16252 --- [restartedMain] com.zaxxer.hikari.HikariDataSource       : HikariPool-1 - Starting...
2025-03-21T18:47:35.165-03:00  INFO 16252 --- [restartedMain] com.zaxxer.hikari.pool.HikariPool        : HikariPool-1 - Added connection org.postgresql.jdbc.PgConnection@1276e0a
2025-03-21T18:47:35.171-03:00  INFO 16252 --- [restartedMain] com.zaxxer.hikari.HikariDataSource       : HikariPool-1 - Start completed.
2025-03-21T18:47:35.268-03:00  WARN 16252 --- [restartedMain] org.hibernate.orm.deprecation            : HHH90000025: PostgreSQLDialect does not need to be specified explicitly using 'hibernate.dialect' (remove the property setting and it will be selected by default)
2025-03-21T18:47:36.508-03:00  INFO 16252 --- [restartedMain] o.h.e.t.j.p.i.JtaPlatformInitiator       : HHH000489: No JTA platform available (set 'hibernate.transaction.jta.platform' to enable JTA platform integration)
2025-03-21T18:47:37.191-03:00  INFO 16252 --- [restartedMain] j.LocalContainerEntityManagerFactoryBean : Initialized JPA EntityManagerFactory for persistence unit 'default'
2025-03-21T18:47:37.727-03:00  WARN 16252 --- [restartedMain] JpaBaseConfiguration$JpaWebConfiguration : spring.jpa.open-in-view is enabled by default. Therefore, database queries may be performed during view rendering. Explicitly configure spring.jpa.open-in-view to disable this warning
2025-03-21T18:47:38.270-03:00  INFO 16252 --- [restartedMain] o.s.b.a.e.web.EndpointLinksResolver      : Exposing 1 endpoint beneath base path '/actuator'
2025-03-21T18:47:38.930-03:00  INFO 16252 --- [restartedMain] o.s.b.d.a.OptionalLiveReloadServer       : LiveReload server is running on port 35729
2025-03-21T18:47:39.017-03:00  INFO 16252 --- [restartedMain] o.s.b.w.embedded.tomcat.TomcatWebServer  : Tomcat started on port 8085 (http) with context path '/'
2025-03-21T18:47:39.036-03:00  INFO 16252 --- [restartedMain] br.com.zoi.apptdah.ApptdahApplication    : Started ApptdahApplication in 9.003 seconds (process running for 10.412)
2025-03-21T18:47:39.581-03:00  INFO 16252 --- [RMI TCP Connection(4)-127.0.0.1] o.a.c.c.C.[Tomcat].[localhost].[/]       : Initializing Spring DispatcherServlet 'dispatcherServlet'
2025-03-21T18:47:39.581-03:00  INFO 16252 --- [RMI TCP Connection(4)-127.0.0.1] o.s.web.servlet.DispatcherServlet        : Initializing Servlet 'dispatcherServlet'
2025-03-21T18:47:39.583-03:00  INFO 16252 --- [RMI TCP Connection(4)-127.0.0.1] o.s.web.servlet.DispatcherServlet        : Completed initialization in 2 ms
2025-03-21T18:49:16.799-03:00  INFO 16252 --- [RMI TCP Connection(7)-127.0.0.1] inMXBeanRegistrar$SpringApplicationAdmin : Application shutdown requested.
2025-03-21T18:49:16.826-03:00  INFO 16252 --- [RMI TCP Connection(7)-127.0.0.1] j.LocalContainerEntityManagerFactoryBean : Closing JPA EntityManagerFactory for persistence unit 'default'
2025-03-21T18:49:16.830-03:00  INFO 16252 --- [RMI TCP Connection(7)-127.0.0.1] com.zaxxer.hikari.HikariDataSource       : HikariPool-1 - Shutdown initiated...
2025-03-21T18:49:17.353-03:00  INFO 16252 --- [RMI TCP Connection(7)-127.0.0.1] com.zaxxer.hikari.HikariDataSource       : HikariPool-1 - Shutdown completed.
2025-03-21T18:49:56.730-03:00  INFO 17384 --- [restartedMain] br.com.zoi.apptdah.ApptdahApplication    : Starting ApptdahApplication using Java 21.0.6 with PID 17384 (C:\Users\James Ribeiro\Documents\dev\Appdah\app-tdah-back\target\classes started by James Ribeiro in C:\Users\James Ribeiro\Documents\dev\Appdah\app-tdah-back)
2025-03-21T18:49:56.732-03:00  INFO 17384 --- [restartedMain] br.com.zoi.apptdah.ApptdahApplication    : The following 1 profile is active: "local"
2025-03-21T18:49:56.803-03:00  INFO 17384 --- [restartedMain] .e.DevToolsPropertyDefaultsPostProcessor : Devtools property defaults active! Set 'spring.devtools.add-properties' to 'false' to disable
2025-03-21T18:49:56.804-03:00  INFO 17384 --- [restartedMain] .e.DevToolsPropertyDefaultsPostProcessor : For additional web related logging consider setting the 'logging.level.web' property to 'DEBUG'
2025-03-21T18:49:57.964-03:00  INFO 17384 --- [restartedMain] .s.d.r.c.RepositoryConfigurationDelegate : Bootstrapping Spring Data JPA repositories in DEFAULT mode.
2025-03-21T18:49:58.037-03:00  INFO 17384 --- [restartedMain] .s.d.r.c.RepositoryConfigurationDelegate : Finished Spring Data repository scanning in 61 ms. Found 2 JPA repository interfaces.
2025-03-21T18:49:58.936-03:00  INFO 17384 --- [restartedMain] o.s.b.w.embedded.tomcat.TomcatWebServer  : Tomcat initialized with port 8085 (http)
2025-03-21T18:49:58.963-03:00  INFO 17384 --- [restartedMain] o.apache.catalina.core.StandardService   : Starting service [Tomcat]
2025-03-21T18:49:58.963-03:00  INFO 17384 --- [restartedMain] o.apache.catalina.core.StandardEngine    : Starting Servlet engine: [Apache Tomcat/10.1.36]
2025-03-21T18:49:59.037-03:00  INFO 17384 --- [restartedMain] o.a.c.c.C.[Tomcat].[localhost].[/]       : Initializing Spring embedded WebApplicationContext
2025-03-21T18:49:59.037-03:00  INFO 17384 --- [restartedMain] w.s.c.ServletWebServerApplicationContext : Root WebApplicationContext: initialization completed in 2232 ms
2025-03-21T18:49:59.427-03:00  INFO 17384 --- [restartedMain] o.hibernate.jpa.internal.util.LogHelper  : HHH000204: Processing PersistenceUnitInfo [name: default]
2025-03-21T18:49:59.500-03:00  INFO 17384 --- [restartedMain] org.hibernate.Version                    : HHH000412: Hibernate ORM core version 6.5.3.Final
2025-03-21T18:49:59.547-03:00  INFO 17384 --- [restartedMain] o.h.c.internal.RegionFactoryInitiator    : HHH000026: Second-level cache disabled
2025-03-21T18:49:59.994-03:00  INFO 17384 --- [restartedMain] o.s.o.j.p.SpringPersistenceUnitInfo      : No LoadTimeWeaver setup: ignoring JPA class transformer
2025-03-21T18:50:00.057-03:00  INFO 17384 --- [restartedMain] com.zaxxer.hikari.HikariDataSource       : HikariPool-1 - Starting...
2025-03-21T18:50:01.002-03:00  INFO 17384 --- [restartedMain] com.zaxxer.hikari.pool.HikariPool        : HikariPool-1 - Added connection org.postgresql.jdbc.PgConnection@289a1caf
2025-03-21T18:50:01.007-03:00  INFO 17384 --- [restartedMain] com.zaxxer.hikari.HikariDataSource       : HikariPool-1 - Start completed.
2025-03-21T18:50:01.097-03:00  WARN 17384 --- [restartedMain] org.hibernate.orm.deprecation            : HHH90000025: PostgreSQLDialect does not need to be specified explicitly using 'hibernate.dialect' (remove the property setting and it will be selected by default)
2025-03-21T18:50:02.246-03:00  INFO 17384 --- [restartedMain] o.h.e.t.j.p.i.JtaPlatformInitiator       : HHH000489: No JTA platform available (set 'hibernate.transaction.jta.platform' to enable JTA platform integration)
2025-03-21T18:50:02.728-03:00  WARN 17384 --- [restartedMain] o.h.engine.jdbc.spi.SqlExceptionHelper   : SQL Warning Code: 0, SQLState: 00000
2025-03-21T18:50:02.728-03:00  WARN 17384 --- [restartedMain] o.h.engine.jdbc.spi.SqlExceptionHelper   : constraint "ukpsbnsrja0jvuncak7b0sqo2fi" of relation "role" does not exist, skipping
2025-03-21T18:50:02.836-03:00  WARN 17384 --- [restartedMain] o.h.engine.jdbc.spi.SqlExceptionHelper   : SQL Warning Code: 0, SQLState: 00000
2025-03-21T18:50:02.836-03:00  WARN 17384 --- [restartedMain] o.h.engine.jdbc.spi.SqlExceptionHelper   : constraint "uk5171l57faosmj8myawaucatdw" of relation "usuario" does not exist, skipping
2025-03-21T18:50:02.957-03:00  INFO 17384 --- [restartedMain] j.LocalContainerEntityManagerFactoryBean : Initialized JPA EntityManagerFactory for persistence unit 'default'
2025-03-21T18:50:03.498-03:00  WARN 17384 --- [restartedMain] JpaBaseConfiguration$JpaWebConfiguration : spring.jpa.open-in-view is enabled by default. Therefore, database queries may be performed during view rendering. Explicitly configure spring.jpa.open-in-view to disable this warning
2025-03-21T18:50:04.039-03:00  INFO 17384 --- [restartedMain] o.s.b.a.e.web.EndpointLinksResolver      : Exposing 1 endpoint beneath base path '/actuator'
2025-03-21T18:50:04.699-03:00  INFO 17384 --- [restartedMain] o.s.b.d.a.OptionalLiveReloadServer       : LiveReload server is running on port 35729
2025-03-21T18:50:04.791-03:00  INFO 17384 --- [restartedMain] o.s.b.w.embedded.tomcat.TomcatWebServer  : Tomcat started on port 8085 (http) with context path '/'
2025-03-21T18:50:04.812-03:00  INFO 17384 --- [restartedMain] br.com.zoi.apptdah.ApptdahApplication    : Started ApptdahApplication in 8.795 seconds (process running for 9.628)
2025-03-21T18:50:05.451-03:00  INFO 17384 --- [RMI TCP Connection(4)-127.0.0.1] o.a.c.c.C.[Tomcat].[localhost].[/]       : Initializing Spring DispatcherServlet 'dispatcherServlet'
2025-03-21T18:50:05.452-03:00  INFO 17384 --- [RMI TCP Connection(4)-127.0.0.1] o.s.web.servlet.DispatcherServlet        : Initializing Servlet 'dispatcherServlet'
2025-03-21T18:50:05.454-03:00  INFO 17384 --- [RMI TCP Connection(4)-127.0.0.1] o.s.web.servlet.DispatcherServlet        : Completed initialization in 1 ms
2025-03-21T18:53:29.871-03:00  INFO 17384 --- [File Watcher] rtingClassPathChangeChangedEventListener : Restarting due to 1 class path change (0 additions, 0 deletions, 1 modification)
2025-03-21T18:53:29.918-03:00  INFO 17384 --- [Thread-5] j.LocalContainerEntityManagerFactoryBean : Closing JPA EntityManagerFactory for persistence unit 'default'
2025-03-21T18:53:29.924-03:00  INFO 17384 --- [Thread-5] com.zaxxer.hikari.HikariDataSource       : HikariPool-1 - Shutdown initiated...
2025-03-21T18:53:30.471-03:00  INFO 17384 --- [Thread-5] com.zaxxer.hikari.HikariDataSource       : HikariPool-1 - Shutdown completed.
2025-03-21T18:53:30.668-03:00  INFO 17384 --- [restartedMain] br.com.zoi.apptdah.ApptdahApplication    : Starting ApptdahApplication using Java 21.0.6 with PID 17384 (C:\Users\James Ribeiro\Documents\dev\Appdah\app-tdah-back\target\classes started by James Ribeiro in C:\Users\James Ribeiro\Documents\dev\Appdah\app-tdah-back)
2025-03-21T18:53:30.668-03:00  INFO 17384 --- [restartedMain] br.com.zoi.apptdah.ApptdahApplication    : The following 1 profile is active: "local"
2025-03-21T18:53:31.948-03:00  INFO 17384 --- [restartedMain] .s.d.r.c.RepositoryConfigurationDelegate : Bootstrapping Spring Data JPA repositories in DEFAULT mode.
2025-03-21T18:53:31.967-03:00  INFO 17384 --- [restartedMain] .s.d.r.c.RepositoryConfigurationDelegate : Finished Spring Data repository scanning in 18 ms. Found 2 JPA repository interfaces.
2025-03-21T18:53:32.289-03:00  INFO 17384 --- [restartedMain] o.s.b.w.embedded.tomcat.TomcatWebServer  : Tomcat initialized with port 8085 (http)
2025-03-21T18:53:32.291-03:00  INFO 17384 --- [restartedMain] o.apache.catalina.core.StandardService   : Starting service [Tomcat]
2025-03-21T18:53:32.292-03:00  INFO 17384 --- [restartedMain] o.apache.catalina.core.StandardEngine    : Starting Servlet engine: [Apache Tomcat/10.1.36]
2025-03-21T18:53:32.349-03:00  INFO 17384 --- [restartedMain] o.a.c.c.C.[Tomcat].[localhost].[/]       : Initializing Spring embedded WebApplicationContext
2025-03-21T18:53:32.350-03:00  INFO 17384 --- [restartedMain] w.s.c.ServletWebServerApplicationContext : Root WebApplicationContext: initialization completed in 1676 ms
2025-03-21T18:53:32.623-03:00  INFO 17384 --- [restartedMain] o.hibernate.jpa.internal.util.LogHelper  : HHH000204: Processing PersistenceUnitInfo [name: default]
2025-03-21T18:53:32.629-03:00  INFO 17384 --- [restartedMain] o.h.c.internal.RegionFactoryInitiator    : HHH000026: Second-level cache disabled
2025-03-21T18:53:32.648-03:00  INFO 17384 --- [restartedMain] o.s.o.j.p.SpringPersistenceUnitInfo      : No LoadTimeWeaver setup: ignoring JPA class transformer
2025-03-21T18:53:32.650-03:00  INFO 17384 --- [restartedMain] com.zaxxer.hikari.HikariDataSource       : HikariPool-2 - Starting...
2025-03-21T18:53:33.219-03:00  INFO 17384 --- [restartedMain] com.zaxxer.hikari.pool.HikariPool        : HikariPool-2 - Added connection org.postgresql.jdbc.PgConnection@7fb86c94
2025-03-21T18:53:33.220-03:00  INFO 17384 --- [restartedMain] com.zaxxer.hikari.HikariDataSource       : HikariPool-2 - Start completed.
2025-03-21T18:53:33.276-03:00  WARN 17384 --- [restartedMain] org.hibernate.orm.deprecation            : HHH90000025: PostgreSQLDialect does not need to be specified explicitly using 'hibernate.dialect' (remove the property setting and it will be selected by default)
2025-03-21T18:53:33.476-03:00  INFO 17384 --- [restartedMain] o.h.e.t.j.p.i.JtaPlatformInitiator       : HHH000489: No JTA platform available (set 'hibernate.transaction.jta.platform' to enable JTA platform integration)
2025-03-21T18:53:34.080-03:00  INFO 17384 --- [restartedMain] j.LocalContainerEntityManagerFactoryBean : Initialized JPA EntityManagerFactory for persistence unit 'default'
2025-03-21T18:53:34.268-03:00  WARN 17384 --- [restartedMain] JpaBaseConfiguration$JpaWebConfiguration : spring.jpa.open-in-view is enabled by default. Therefore, database queries may be performed during view rendering. Explicitly configure spring.jpa.open-in-view to disable this warning
2025-03-21T18:53:34.557-03:00  INFO 17384 --- [restartedMain] o.s.b.a.e.web.EndpointLinksResolver      : Exposing 1 endpoint beneath base path '/actuator'
2025-03-21T18:53:35.279-03:00  INFO 17384 --- [restartedMain] o.s.b.d.a.OptionalLiveReloadServer       : LiveReload server is running on port 35729
2025-03-21T18:53:35.362-03:00  INFO 17384 --- [restartedMain] o.s.b.w.embedded.tomcat.TomcatWebServer  : Tomcat started on port 8085 (http) with context path '/'
2025-03-21T18:53:35.374-03:00  INFO 17384 --- [restartedMain] br.com.zoi.apptdah.ApptdahApplication    : Started ApptdahApplication in 4.769 seconds (process running for 220.191)
2025-03-21T18:53:35.378-03:00  INFO 17384 --- [restartedMain] .ConditionEvaluationDeltaLoggingListener : Condition evaluation unchanged
2025-03-21T18:53:36.725-03:00  INFO 17384 --- [File Watcher] rtingClassPathChangeChangedEventListener : Restarting due to 2 class path changes (0 additions, 0 deletions, 2 modifications)
2025-03-21T18:53:36.760-03:00  INFO 17384 --- [Thread-7] j.LocalContainerEntityManagerFactoryBean : Closing JPA EntityManagerFactory for persistence unit 'default'
2025-03-21T18:53:36.761-03:00  INFO 17384 --- [Thread-7] com.zaxxer.hikari.HikariDataSource       : HikariPool-2 - Shutdown initiated...
2025-03-21T18:53:37.180-03:00  INFO 17384 --- [Thread-7] com.zaxxer.hikari.HikariDataSource       : HikariPool-2 - Shutdown completed.
2025-03-21T18:53:37.316-03:00  INFO 17384 --- [restartedMain] br.com.zoi.apptdah.ApptdahApplication    : Starting ApptdahApplication using Java 21.0.6 with PID 17384 (C:\Users\James Ribeiro\Documents\dev\Appdah\app-tdah-back\target\classes started by James Ribeiro in C:\Users\James Ribeiro\Documents\dev\Appdah\app-tdah-back)
2025-03-21T18:53:37.317-03:00  INFO 17384 --- [restartedMain] br.com.zoi.apptdah.ApptdahApplication    : The following 1 profile is active: "local"
2025-03-21T18:53:37.666-03:00  INFO 17384 --- [restartedMain] .s.d.r.c.RepositoryConfigurationDelegate : Bootstrapping Spring Data JPA repositories in DEFAULT mode.
2025-03-21T18:53:37.683-03:00  INFO 17384 --- [restartedMain] .s.d.r.c.RepositoryConfigurationDelegate : Finished Spring Data repository scanning in 16 ms. Found 2 JPA repository interfaces.
2025-03-21T18:53:37.878-03:00  INFO 17384 --- [restartedMain] o.s.b.w.embedded.tomcat.TomcatWebServer  : Tomcat initialized with port 8085 (http)
2025-03-21T18:53:37.879-03:00  INFO 17384 --- [restartedMain] o.apache.catalina.core.StandardService   : Starting service [Tomcat]
2025-03-21T18:53:37.879-03:00  INFO 17384 --- [restartedMain] o.apache.catalina.core.StandardEngine    : Starting Servlet engine: [Apache Tomcat/10.1.36]
2025-03-21T18:53:37.905-03:00  INFO 17384 --- [restartedMain] o.a.c.c.C.[Tomcat].[localhost].[/]       : Initializing Spring embedded WebApplicationContext
2025-03-21T18:53:37.906-03:00  INFO 17384 --- [restartedMain] w.s.c.ServletWebServerApplicationContext : Root WebApplicationContext: initialization completed in 586 ms
2025-03-21T18:53:38.105-03:00  INFO 17384 --- [restartedMain] o.hibernate.jpa.internal.util.LogHelper  : HHH000204: Processing PersistenceUnitInfo [name: default]
2025-03-21T18:53:38.109-03:00  INFO 17384 --- [restartedMain] o.h.c.internal.RegionFactoryInitiator    : HHH000026: Second-level cache disabled
2025-03-21T18:53:38.122-03:00  INFO 17384 --- [restartedMain] o.s.o.j.p.SpringPersistenceUnitInfo      : No LoadTimeWeaver setup: ignoring JPA class transformer
2025-03-21T18:53:38.123-03:00  INFO 17384 --- [restartedMain] com.zaxxer.hikari.HikariDataSource       : HikariPool-3 - Starting...
2025-03-21T18:53:38.675-03:00  INFO 17384 --- [restartedMain] com.zaxxer.hikari.pool.HikariPool        : HikariPool-3 - Added connection org.postgresql.jdbc.PgConnection@6e82e8f5
2025-03-21T18:53:38.675-03:00  INFO 17384 --- [restartedMain] com.zaxxer.hikari.HikariDataSource       : HikariPool-3 - Start completed.
2025-03-21T18:53:38.731-03:00  WARN 17384 --- [restartedMain] org.hibernate.orm.deprecation            : HHH90000025: PostgreSQLDialect does not need to be specified explicitly using 'hibernate.dialect' (remove the property setting and it will be selected by default)
2025-03-21T18:53:38.918-03:00  INFO 17384 --- [restartedMain] o.h.e.t.j.p.i.JtaPlatformInitiator       : HHH000489: No JTA platform available (set 'hibernate.transaction.jta.platform' to enable JTA platform integration)
2025-03-21T18:53:39.425-03:00  INFO 17384 --- [restartedMain] j.LocalContainerEntityManagerFactoryBean : Initialized JPA EntityManagerFactory for persistence unit 'default'
2025-03-21T18:53:39.591-03:00  WARN 17384 --- [restartedMain] JpaBaseConfiguration$JpaWebConfiguration : spring.jpa.open-in-view is enabled by default. Therefore, database queries may be performed during view rendering. Explicitly configure spring.jpa.open-in-view to disable this warning
2025-03-21T18:53:39.843-03:00  INFO 17384 --- [restartedMain] o.s.b.a.e.web.EndpointLinksResolver      : Exposing 1 endpoint beneath base path '/actuator'
2025-03-21T18:53:40.154-03:00  INFO 17384 --- [restartedMain] o.s.b.d.a.OptionalLiveReloadServer       : LiveReload server is running on port 35729
2025-03-21T18:53:40.184-03:00  INFO 17384 --- [restartedMain] o.s.b.w.embedded.tomcat.TomcatWebServer  : Tomcat started on port 8085 (http) with context path '/'
2025-03-21T18:53:40.194-03:00  INFO 17384 --- [restartedMain] br.com.zoi.apptdah.ApptdahApplication    : Started ApptdahApplication in 2.92 seconds (process running for 225.01)
2025-03-21T18:53:40.197-03:00  INFO 17384 --- [restartedMain] .ConditionEvaluationDeltaLoggingListener : Condition evaluation unchanged
2025-03-21T18:53:52.300-03:00  INFO 17384 --- [http-nio-8085-exec-1] o.a.c.c.C.[Tomcat].[localhost].[/]       : Initializing Spring DispatcherServlet 'dispatcherServlet'
2025-03-21T18:53:52.301-03:00  INFO 17384 --- [http-nio-8085-exec-1] o.s.web.servlet.DispatcherServlet        : Initializing Servlet 'dispatcherServlet'
2025-03-21T18:53:52.304-03:00  INFO 17384 --- [http-nio-8085-exec-1] o.s.web.servlet.DispatcherServlet        : Completed initialization in 3 ms
2025-03-21T19:07:53.612-03:00  WARN 17384 --- [http-nio-8085-exec-2] .w.s.m.s.DefaultHandlerExceptionResolver : Resolved [org.springframework.web.bind.MissingServletRequestParameterException: Required request parameter 'access_token' for method parameter type String is not present]
2025-03-21T19:08:30.863-03:00  WARN 17384 --- [http-nio-8085-exec-3] .w.s.m.s.DefaultHandlerExceptionResolver : Resolved [org.springframework.web.bind.MissingServletRequestParameterException: Required request parameter 'access_token' for method parameter type String is not present]
2025-03-21T19:08:55.444-03:00  WARN 17384 --- [http-nio-8085-exec-1] .w.s.m.s.DefaultHandlerExceptionResolver : Resolved [org.springframework.web.bind.MissingServletRequestParameterException: Required request parameter 'access_token' for method parameter type String is not present]
2025-03-21T19:09:18.611-03:00  INFO 17384 --- [RMI TCP Connection(26)-127.0.0.1] inMXBeanRegistrar$SpringApplicationAdmin : Application shutdown requested.
2025-03-21T19:09:18.631-03:00  INFO 17384 --- [RMI TCP Connection(26)-127.0.0.1] j.LocalContainerEntityManagerFactoryBean : Closing JPA EntityManagerFactory for persistence unit 'default'
2025-03-21T19:09:18.632-03:00  INFO 17384 --- [RMI TCP Connection(26)-127.0.0.1] com.zaxxer.hikari.HikariDataSource       : HikariPool-3 - Shutdown initiated...
2025-03-21T19:09:19.175-03:00  INFO 17384 --- [RMI TCP Connection(26)-127.0.0.1] com.zaxxer.hikari.HikariDataSource       : HikariPool-3 - Shutdown completed.
